Jan  1 00:00:03 oscomp syslog.info syslogd started: BusyBox v1.32.0
Jan  1 00:00:04 oscomp user.notice kernel: [    0.000000] Linux version 5.10.0 (os@os-MMLP7AP-00) (riscv64-unknown-linux-gnu-gcc (GCC) 9.2.0, GNU ld (GNU Binutils) 2.33.1) #1 SMP Wed Apr 14 10:16:44 CST 2021
Jan  1 00:00:04 oscomp user.warn kernel: [    0.000000] OF: fdt: Ignoring memory range 0x80000000 - 0x80200000
Jan  1 00:00:04 oscomp user.info kernel: [    0.000000] efi: UEFI not found.
Jan  1 00:00:04 oscomp user.info kernel: [    0.000000] Zone ranges:
Jan  1 00:00:04 oscomp user.info kernel: [    0.000000]   DMA32    [mem 0x0000000080200000-0x0000000087ffffff]
Jan  1 00:00:04 oscomp user.info kernel: [    0.000000]   Normal   empty
Jan  1 00:00:04 oscomp user.info kernel: [    0.000000] Movable zone start for each node
Jan  1 00:00:04 oscomp user.info kernel: [    0.000000] Early memory node ranges
Jan  1 00:00:04 oscomp user.info kernel: [    0.000000]   node   0: [mem 0x0000000080200000-0x0000000087ffffff]
Jan  1 00:00:04 oscomp user.info kernel: [    0.000000] Initmem setup node 0 [mem 0x0000000080200000-0x0000000087ffffff]
Jan  1 00:00:04 oscomp user.debug kernel: [    0.000000] On node 0 totalpages: 32256
Jan  1 00:00:04 oscomp user.debug kernel: [    0.000000]   DMA32 zone: 441 pages used for memmap
Jan  1 00:00:04 oscomp user.debug kernel: [    0.000000]   DMA32 zone: 0 pages reserved
Jan  1 00:00:04 oscomp user.debug kernel: [    0.000000]   DMA32 zone: 32256 pages, LIFO batch:7
Jan  1 00:00:04 oscomp user.info kernel: [    0.000000] software IO TLB: mapped [mem 0x0000000083e3a000-0x0000000087e3a000] (64MB)
Jan  1 00:00:04 oscomp user.info kernel: [    0.000000] SBI specification v0.1 detected
Jan  1 00:00:04 oscomp user.info kernel: [    0.000000] riscv: ISA extensions acdfimsu
Jan  1 00:00:04 oscomp user.info kernel: [    0.000000] riscv: ELF capabilities acdfim
Jan  1 00:00:04 oscomp user.info kernel: [    0.000000] percpu: Embedded 16 pages/cpu s25944 r8192 d31400 u65536
Jan  1 00:00:04 oscomp user.debug kernel: [    0.000000] pcpu-alloc: s25944 r8192 d31400 u65536 alloc=16*4096
Jan  1 00:00:04 oscomp user.debug kernel: [    0.000000] pcpu-alloc: [0] 0 
Jan  1 00:00:04 oscomp user.info kernel: [    0.000000] Built 1 zonelists, mobility grouping on.  Total pages: 31815
Jan  1 00:00:04 oscomp user.notice kernel: [    0.000000] Kernel command line: root=/dev/vda1 ro console=ttyS0
Jan  1 00:00:04 oscomp user.info kernel: [    0.000000] Dentry cache hash table entries: 16384 (order: 5, 131072 bytes, linear)
Jan  1 00:00:04 oscomp user.info kernel: [    0.000000] Inode-cache hash table entries: 8192 (order: 4, 65536 bytes, linear)
Jan  1 00:00:04 oscomp user.notice kernel: [    0.000000] Sorting __ex_table...
Jan  1 00:00:04 oscomp user.info kernel: [    0.000000] mem auto-init: stack:off, heap alloc:off, heap free:off
Jan  1 00:00:04 oscomp user.info kernel: [    0.000000] Memory: 49804K/129024K available (3964K kernel code, 2829K rwdata, 2048K rodata, 185K init, 276K bss, 79220K reserved, 0K cma-reserved)
Jan  1 00:00:04 oscomp user.info kernel: [    0.000000] SLUB: HWalign=64, Order=0-3, MinObjects=0, CPUs=1, Nodes=1
Jan  1 00:00:04 oscomp user.info kernel: [    0.000000] rcu: Hierarchical RCU implementation.
Jan  1 00:00:04 oscomp user.info kernel: [    0.000000] rcu: 	RCU event tracing is enabled.
Jan  1 00:00:04 oscomp user.info kernel: [    0.000000] rcu: 	RCU restricting CPUs from NR_CPUS=8 to nr_cpu_ids=1.
Jan  1 00:00:04 oscomp user.info kernel: [    0.000000] 	Tracing variant of Tasks RCU enabled.
Jan  1 00:00:04 oscomp user.info kernel: [    0.000000] rcu: RCU calculated value of scheduler-enlistment delay is 25 jiffies.
Jan  1 00:00:04 oscomp user.info kernel: [    0.000000] rcu: Adjusting geometry for rcu_fanout_leaf=16, nr_cpu_ids=1
Jan  1 00:00:04 oscomp user.info kernel: [    0.000000] NR_IRQS: 64, nr_irqs: 64, preallocated irqs: 0
Jan  1 00:00:04 oscomp user.info kernel: [    0.000000] riscv-intc: 64 local interrupts mapped
Jan  1 00:00:04 oscomp user.info kernel: [    0.000000] plic: interrupt-controller@c000000: mapped 53 interrupts with 1 handlers for 2 contexts.
Jan  1 00:00:04 oscomp user.notice kernel: [    0.000000] random: get_random_bytes called from start_kernel+0x314/0x482 with crng_init=0
Jan  1 00:00:04 oscomp user.info kernel: [    0.000000] riscv_timer_init_dt: Registering clocksource cpuid [0] hartid [0]
Jan  1 00:00:04 oscomp user.info kernel: [    0.000000] clocksource: riscv_clocksource: mask: 0xffffffffffffffff max_cycles: 0x24e6a1710, max_idle_ns: 440795202120 ns
Jan  1 00:00:04 oscomp user.info kernel: [    0.000355] sched_clock: 64 bits at 10MHz, resolution 100ns, wraps every 4398046511100ns
Jan  1 00:00:04 oscomp user.info kernel: [    0.010658] Console: colour dummy device 80x25
Jan  1 00:00:04 oscomp user.info kernel: [    0.013349] Calibrating delay loop (skipped), value calculated using timer frequency.. 20.00 BogoMIPS (lpj=40000)
Jan  1 00:00:04 oscomp user.info kernel: [    0.013589] pid_max: default: 32768 minimum: 301
Jan  1 00:00:04 oscomp user.info kernel: [    0.015675] Mount-cache hash table entries: 512 (order: 0, 4096 bytes, linear)
Jan  1 00:00:04 oscomp user.info kernel: [    0.015737] Mountpoint-cache hash table entries: 512 (order: 0, 4096 bytes, linear)
Jan  1 00:00:04 oscomp user.info kernel: [    0.065591] rcu: Hierarchical SRCU implementation.
Jan  1 00:00:04 oscomp user.info kernel: [    0.069182] EFI services will not be available.
Jan  1 00:00:04 oscomp user.info kernel: [    0.071077] smp: Bringing up secondary CPUs ...
Jan  1 00:00:04 oscomp user.info kernel: [    0.071359] smp: Brought up 1 node, 1 CPU
Jan  1 00:00:04 oscomp user.info kernel: [    0.088760] devtmpfs: initialized
Jan  1 00:00:04 oscomp user.info kernel: [    0.099873] clocksource: jiffies: mask: 0xffffffff max_cycles: 0xffffffff, max_idle_ns: 7645041785100000 ns
Jan  1 00:00:04 oscomp user.info kernel: [    0.100225] futex hash table entries: 256 (order: 2, 16384 bytes, linear)
Jan  1 00:00:04 oscomp user.info kernel: [    0.103781] NET: Registered protocol family 16
Jan  1 00:00:04 oscomp user.info kernel: [    0.174711] vgaarb: loaded
Jan  1 00:00:04 oscomp user.info kernel: [    0.191268] clocksource: Switched to clocksource riscv_clocksource
Jan  1 00:00:04 oscomp user.info kernel: [    0.217001] NET: Registered protocol family 2
Jan  1 00:00:04 oscomp user.info kernel: [    0.222923] tcp_listen_portaddr_hash hash table entries: 256 (order: 0, 4096 bytes, linear)
Jan  1 00:00:04 oscomp user.info kernel: [    0.223083] TCP established hash table entries: 1024 (order: 1, 8192 bytes, linear)
Jan  1 00:00:04 oscomp user.info kernel: [    0.223304] TCP bind hash table entries: 1024 (order: 2, 16384 bytes, linear)
Jan  1 00:00:04 oscomp user.info kernel: [    0.223450] TCP: Hash tables configured (established 1024 bind 1024)
Jan  1 00:00:04 oscomp user.info kernel: [    0.225191] UDP hash table entries: 256 (order: 1, 8192 bytes, linear)
Jan  1 00:00:04 oscomp user.info kernel: [    0.225528] UDP-Lite hash table entries: 256 (order: 1, 8192 bytes, linear)
Jan  1 00:00:04 oscomp user.info kernel: [    0.227402] NET: Registered protocol family 1
Jan  1 00:00:04 oscomp user.info kernel: [    0.228061] PCI: CLS 0 bytes, default 64
Jan  1 00:00:04 oscomp user.info kernel: [    0.238103] workingset: timestamp_bits=62 max_order=14 bucket_order=0
Jan  1 00:00:04 oscomp user.info kernel: [    0.260750] Block layer SCSI generic (bsg) driver version 0.4 loaded (major 254)
Jan  1 00:00:04 oscomp user.info kernel: [    0.260934] io scheduler mq-deadline registered
Jan  1 00:00:04 oscomp user.info kernel: [    0.261116] io scheduler kyber registered
Jan  1 00:00:04 oscomp user.info kernel: [    0.353564] Serial: 8250/16550 driver, 4 ports, IRQ sharing disabled
Jan  1 00:00:04 oscomp user.info kernel: [    0.365479] printk: console [ttyS0] disabled
Jan  1 00:00:04 oscomp user.info kernel: [    0.366927] 10000000.uart: ttyS0 at MMIO 0x10000000 (irq = 2, base_baud = 230400) is a 16550A
Jan  1 00:00:04 oscomp user.info kernel: [    0.393213] printk: console [ttyS0] enabled
Jan  1 00:00:04 oscomp user.info kernel: [    0.411756] loop: module loaded
Jan  1 00:00:04 oscomp user.notice kernel: [    0.424695] virtio_blk virtio0: [vda] 1048576 512-byte logical blocks (537 MB/512 MiB)
Jan  1 00:00:04 oscomp user.info kernel: [    0.425598] vda: detected capacity change from 0 to 536870912
Jan  1 00:00:04 oscomp user.info kernel: [    0.444417]  vda: vda1 vda2
Jan  1 00:00:04 oscomp user.info kernel: [    0.460288] NET: Registered protocol family 10
Jan  1 00:00:04 oscomp user.info kernel: [    0.469425] Segment Routing with IPv6
Jan  1 00:00:04 oscomp user.info kernel: [    0.470403] sit: IPv6, IPv4 and MPLS over IPv4 tunneling driver
Jan  1 00:00:04 oscomp user.info kernel: [    0.474043] NET: Registered protocol family 17
Jan  1 00:00:04 oscomp user.info kernel: [    0.510136] EXT4-fs (vda1): mounted filesystem with ordered data mode. Opts: (null)
Jan  1 00:00:04 oscomp user.info kernel: [    0.511021] VFS: Mounted root (ext4 filesystem) readonly on device 254:1.
Jan  1 00:00:04 oscomp user.info kernel: [    0.538806] Freeing unused kernel memory: 184K
Jan  1 00:00:04 oscomp user.info kernel: [    0.544278] Run /sbin/init as init process
Jan  1 00:00:04 oscomp user.debug kernel: [    0.544606]   with arguments:
Jan  1 00:00:04 oscomp user.debug kernel: [    0.544643]     /sbin/init
Jan  1 00:00:04 oscomp user.debug kernel: [    0.544668]   with environment:
Jan  1 00:00:04 oscomp user.debug kernel: [    0.544689]     HOME=/
Jan  1 00:00:04 oscomp user.debug kernel: [    0.544707]     TERM=linux
Jan  1 00:00:04 oscomp user.info kernel: [    0.832653] EXT4-fs (vda1): re-mounted. Opts: (null)
Jan  1 00:00:04 oscomp authpriv.info dropbear[54]: Not backgrounding
Jan  1 00:00:07 oscomp auth.info login[50]: root login on 'ttyS0'
Jan  1 00:00:09 oscomp user.notice kernel: [    9.920988] random: fast init done
Jan  1 00:00:03 oscomp syslog.info syslogd started: BusyBox v1.32.0
Jan  1 00:00:03 oscomp user.notice kernel: [    0.000000] Linux version 5.10.0 (os@os-MMLP7AP-00) (riscv64-unknown-linux-gnu-gcc (GCC) 9.2.0, GNU ld (GNU Binutils) 2.33.1) #1 SMP Wed Apr 14 10:16:44 CST 2021
Jan  1 00:00:03 oscomp user.warn kernel: [    0.000000] OF: fdt: Ignoring memory range 0x80000000 - 0x80200000
Jan  1 00:00:03 oscomp user.info kernel: [    0.000000] efi: UEFI not found.
Jan  1 00:00:03 oscomp user.info kernel: [    0.000000] Zone ranges:
Jan  1 00:00:03 oscomp user.info kernel: [    0.000000]   DMA32    [mem 0x0000000080200000-0x0000000087ffffff]
Jan  1 00:00:03 oscomp user.info kernel: [    0.000000]   Normal   empty
Jan  1 00:00:03 oscomp user.info kernel: [    0.000000] Movable zone start for each node
Jan  1 00:00:03 oscomp user.info kernel: [    0.000000] Early memory node ranges
Jan  1 00:00:03 oscomp user.info kernel: [    0.000000]   node   0: [mem 0x0000000080200000-0x0000000087ffffff]
Jan  1 00:00:03 oscomp user.info kernel: [    0.000000] Initmem setup node 0 [mem 0x0000000080200000-0x0000000087ffffff]
Jan  1 00:00:03 oscomp user.debug kernel: [    0.000000] On node 0 totalpages: 32256
Jan  1 00:00:03 oscomp user.debug kernel: [    0.000000]   DMA32 zone: 441 pages used for memmap
Jan  1 00:00:03 oscomp user.debug kernel: [    0.000000]   DMA32 zone: 0 pages reserved
Jan  1 00:00:03 oscomp user.debug kernel: [    0.000000]   DMA32 zone: 32256 pages, LIFO batch:7
Jan  1 00:00:03 oscomp user.info kernel: [    0.000000] software IO TLB: mapped [mem 0x0000000083e3a000-0x0000000087e3a000] (64MB)
Jan  1 00:00:03 oscomp user.info kernel: [    0.000000] SBI specification v0.1 detected
Jan  1 00:00:03 oscomp user.info kernel: [    0.000000] riscv: ISA extensions acdfimsu
Jan  1 00:00:03 oscomp user.info kernel: [    0.000000] riscv: ELF capabilities acdfim
Jan  1 00:00:03 oscomp user.info kernel: [    0.000000] percpu: Embedded 16 pages/cpu s25944 r8192 d31400 u65536
Jan  1 00:00:03 oscomp user.debug kernel: [    0.000000] pcpu-alloc: s25944 r8192 d31400 u65536 alloc=16*4096
Jan  1 00:00:03 oscomp user.debug kernel: [    0.000000] pcpu-alloc: [0] 0 
Jan  1 00:00:03 oscomp user.info kernel: [    0.000000] Built 1 zonelists, mobility grouping on.  Total pages: 31815
Jan  1 00:00:04 oscomp user.notice kernel: [    0.000000] Kernel command line: root=/dev/vda1 ro console=ttyS0
Jan  1 00:00:04 oscomp user.info kernel: [    0.000000] Dentry cache hash table entries: 16384 (order: 5, 131072 bytes, linear)
Jan  1 00:00:04 oscomp user.info kernel: [    0.000000] Inode-cache hash table entries: 8192 (order: 4, 65536 bytes, linear)
Jan  1 00:00:04 oscomp user.notice kernel: [    0.000000] Sorting __ex_table...
Jan  1 00:00:04 oscomp user.info kernel: [    0.000000] mem auto-init: stack:off, heap alloc:off, heap free:off
Jan  1 00:00:04 oscomp user.info kernel: [    0.000000] Memory: 49804K/129024K available (3964K kernel code, 2829K rwdata, 2048K rodata, 185K init, 276K bss, 79220K reserved, 0K cma-reserved)
Jan  1 00:00:04 oscomp user.info kernel: [    0.000000] SLUB: HWalign=64, Order=0-3, MinObjects=0, CPUs=1, Nodes=1
Jan  1 00:00:04 oscomp user.info kernel: [    0.000000] rcu: Hierarchical RCU implementation.
Jan  1 00:00:04 oscomp user.info kernel: [    0.000000] rcu: 	RCU event tracing is enabled.
Jan  1 00:00:04 oscomp user.info kernel: [    0.000000] rcu: 	RCU restricting CPUs from NR_CPUS=8 to nr_cpu_ids=1.
Jan  1 00:00:04 oscomp user.info kernel: [    0.000000] 	Tracing variant of Tasks RCU enabled.
Jan  1 00:00:04 oscomp user.info kernel: [    0.000000] rcu: RCU calculated value of scheduler-enlistment delay is 25 jiffies.
Jan  1 00:00:04 oscomp user.info kernel: [    0.000000] rcu: Adjusting geometry for rcu_fanout_leaf=16, nr_cpu_ids=1
Jan  1 00:00:04 oscomp user.info kernel: [    0.000000] NR_IRQS: 64, nr_irqs: 64, preallocated irqs: 0
Jan  1 00:00:04 oscomp user.info kernel: [    0.000000] riscv-intc: 64 local interrupts mapped
Jan  1 00:00:04 oscomp user.info kernel: [    0.000000] plic: interrupt-controller@c000000: mapped 53 interrupts with 1 handlers for 2 contexts.
Jan  1 00:00:04 oscomp user.notice kernel: [    0.000000] random: get_random_bytes called from start_kernel+0x314/0x482 with crng_init=0
Jan  1 00:00:04 oscomp user.info kernel: [    0.000000] riscv_timer_init_dt: Registering clocksource cpuid [0] hartid [0]
Jan  1 00:00:04 oscomp user.info kernel: [    0.000000] clocksource: riscv_clocksource: mask: 0xffffffffffffffff max_cycles: 0x24e6a1710, max_idle_ns: 440795202120 ns
Jan  1 00:00:04 oscomp user.info kernel: [    0.000198] sched_clock: 64 bits at 10MHz, resolution 100ns, wraps every 4398046511100ns
Jan  1 00:00:04 oscomp user.info kernel: [    0.004854] Console: colour dummy device 80x25
Jan  1 00:00:04 oscomp user.info kernel: [    0.012056] Calibrating delay loop (skipped), value calculated using timer frequency.. 20.00 BogoMIPS (lpj=40000)
Jan  1 00:00:04 oscomp user.info kernel: [    0.012780] pid_max: default: 32768 minimum: 301
Jan  1 00:00:04 oscomp user.info kernel: [    0.015718] Mount-cache hash table entries: 512 (order: 0, 4096 bytes, linear)
Jan  1 00:00:04 oscomp user.info kernel: [    0.015789] Mountpoint-cache hash table entries: 512 (order: 0, 4096 bytes, linear)
Jan  1 00:00:04 oscomp user.info kernel: [    0.070849] rcu: Hierarchical SRCU implementation.
Jan  1 00:00:04 oscomp user.info kernel: [    0.074886] EFI services will not be available.
Jan  1 00:00:04 oscomp user.info kernel: [    0.076726] smp: Bringing up secondary CPUs ...
Jan  1 00:00:04 oscomp user.info kernel: [    0.076953] smp: Brought up 1 node, 1 CPU
Jan  1 00:00:04 oscomp user.info kernel: [    0.095818] devtmpfs: initialized
Jan  1 00:00:04 oscomp user.info kernel: [    0.109037] clocksource: jiffies: mask: 0xffffffff max_cycles: 0xffffffff, max_idle_ns: 7645041785100000 ns
Jan  1 00:00:04 oscomp user.info kernel: [    0.109499] futex hash table entries: 256 (order: 2, 16384 bytes, linear)
Jan  1 00:00:04 oscomp user.info kernel: [    0.114750] NET: Registered protocol family 16
Jan  1 00:00:04 oscomp user.info kernel: [    0.187207] vgaarb: loaded
Jan  1 00:00:04 oscomp user.info kernel: [    0.200546] clocksource: Switched to clocksource riscv_clocksource
Jan  1 00:00:04 oscomp user.info kernel: [    0.222860] NET: Registered protocol family 2
Jan  1 00:00:04 oscomp user.info kernel: [    0.227869] tcp_listen_portaddr_hash hash table entries: 256 (order: 0, 4096 bytes, linear)
Jan  1 00:00:04 oscomp user.info kernel: [    0.228020] TCP established hash table entries: 1024 (order: 1, 8192 bytes, linear)
Jan  1 00:00:04 oscomp user.info kernel: [    0.228367] TCP bind hash table entries: 1024 (order: 2, 16384 bytes, linear)
Jan  1 00:00:04 oscomp user.info kernel: [    0.228515] TCP: Hash tables configured (established 1024 bind 1024)
Jan  1 00:00:04 oscomp user.info kernel: [    0.230603] UDP hash table entries: 256 (order: 1, 8192 bytes, linear)
Jan  1 00:00:04 oscomp user.info kernel: [    0.231153] UDP-Lite hash table entries: 256 (order: 1, 8192 bytes, linear)
Jan  1 00:00:04 oscomp user.info kernel: [    0.233630] NET: Registered protocol family 1
Jan  1 00:00:04 oscomp user.info kernel: [    0.234239] PCI: CLS 0 bytes, default 64
Jan  1 00:00:04 oscomp user.info kernel: [    0.241256] workingset: timestamp_bits=62 max_order=14 bucket_order=0
Jan  1 00:00:04 oscomp user.info kernel: [    0.265637] Block layer SCSI generic (bsg) driver version 0.4 loaded (major 254)
Jan  1 00:00:04 oscomp user.info kernel: [    0.265877] io scheduler mq-deadline registered
Jan  1 00:00:04 oscomp user.info kernel: [    0.266001] io scheduler kyber registered
Jan  1 00:00:04 oscomp user.info kernel: [    0.368441] Serial: 8250/16550 driver, 4 ports, IRQ sharing disabled
Jan  1 00:00:04 oscomp user.info kernel: [    0.378897] printk: console [ttyS0] disabled
Jan  1 00:00:04 oscomp user.info kernel: [    0.380002] 10000000.uart: ttyS0 at MMIO 0x10000000 (irq = 2, base_baud = 230400) is a 16550A
Jan  1 00:00:04 oscomp user.info kernel: [    0.411203] printk: console [ttyS0] enabled
Jan  1 00:00:04 oscomp user.info kernel: [    0.428674] loop: module loaded
Jan  1 00:00:04 oscomp user.notice kernel: [    0.440915] virtio_blk virtio0: [vda] 1048576 512-byte logical blocks (537 MB/512 MiB)
Jan  1 00:00:04 oscomp user.info kernel: [    0.441721] vda: detected capacity change from 0 to 536870912
Jan  1 00:00:04 oscomp user.info kernel: [    0.460546]  vda: vda1 vda2
Jan  1 00:00:04 oscomp user.info kernel: [    0.475812] NET: Registered protocol family 10
Jan  1 00:00:04 oscomp user.info kernel: [    0.484000] Segment Routing with IPv6
Jan  1 00:00:04 oscomp user.info kernel: [    0.484965] sit: IPv6, IPv4 and MPLS over IPv4 tunneling driver
Jan  1 00:00:04 oscomp user.info kernel: [    0.488850] NET: Registered protocol family 17
Jan  1 00:00:04 oscomp user.info kernel: [    0.516802] EXT4-fs (vda1): INFO: recovery required on readonly filesystem
Jan  1 00:00:04 oscomp user.info kernel: [    0.517263] EXT4-fs (vda1): write access will be enabled during recovery
Jan  1 00:00:04 oscomp user.info kernel: [    0.553189] EXT4-fs (vda1): recovery complete
Jan  1 00:00:04 oscomp user.info kernel: [    0.563119] EXT4-fs (vda1): mounted filesystem with ordered data mode. Opts: (null)
Jan  1 00:00:04 oscomp authpriv.info dropbear[53]: Not backgrounding
Jan  1 00:00:04 oscomp user.info kernel: [    0.564040] VFS: Mounted root (ext4 filesystem) readonly on device 254:1.
Jan  1 00:00:04 oscomp user.info kernel: [    0.591416] Freeing unused kernel memory: 184K
Jan  1 00:00:04 oscomp user.info kernel: [    0.593843] Run /sbin/init as init process
Jan  1 00:00:04 oscomp user.debug kernel: [    0.594171]   with arguments:
Jan  1 00:00:04 oscomp user.debug kernel: [    0.594199]     /sbin/init
Jan  1 00:00:04 oscomp user.debug kernel: [    0.594225]   with environment:
Jan  1 00:00:04 oscomp user.debug kernel: [    0.594247]     HOME=/
Jan  1 00:00:04 oscomp user.debug kernel: [    0.594268]     TERM=linux
Jan  1 00:00:04 oscomp user.info kernel: [    0.866043] EXT4-fs (vda1): re-mounted. Opts: (null)
Jan  1 00:00:07 oscomp auth.info login[49]: root login on 'ttyS0'
Jan  1 00:00:09 oscomp user.notice kernel: [    9.779497] random: fast init done
Jan  1 00:34:21 oscomp user.notice kernel: [ 2061.204732] random: crng init done
Jan  1 00:57:35 oscomp user.info kernel: [ 3455.068389] unlink.c.bin[221]: unhandled signal 11 code 0x1 at 0x0000000012cea600
Jan  1 00:57:35 oscomp user.warn kernel: [ 3455.069237] CPU: 0 PID: 221 Comm: unlink.c.bin Not tainted 5.10.0 #1
Jan  1 00:57:35 oscomp user.warn kernel: [ 3455.069764] epc: 0000000012cea600 ra : 0000000012cea600 sp : 0000003fffaa1d30
Jan  1 00:57:35 oscomp user.warn kernel: [ 3455.070332]  gp : 00000000000f6f40 tp : 0000003fda15b720 t0 : 0000003fda160d58
Jan  1 00:57:35 oscomp user.warn kernel: [ 3455.070672]  t1 : 0000000000000040 t2 : 00000000000f6420 s0 : 0000000000000000
Jan  1 00:57:35 oscomp user.warn kernel: [ 3455.070929]  s1 : 00000000000f85f8 a0 : 0000000000000000 a1 : 0000000000002068
Jan  1 00:57:35 oscomp user.warn kernel: [ 3455.071335]  a2 : 000000000000000c a3 : fffffffff5c2c2c2 a4 : 0000000000000000
Jan  1 00:57:35 oscomp user.warn kernel: [ 3455.071787]  a5 : 0000000000002074 a6 : 0000000000000040 a7 : 0000000000000040
Jan  1 00:57:35 oscomp user.warn kernel: [ 3455.072570]  s2 : 00000000000ef1e4 s3 : 00000000000d5f70 s4 : 00000000000f8630
Jan  1 00:57:35 oscomp user.warn kernel: [ 3455.073087]  s5 : 0000000000000008 s6 : 0000003fda15b730 s7 : 0000000000000000
Jan  1 00:57:35 oscomp user.warn kernel: [ 3455.073546]  s8 : 0000000000000000 s9 : 00000000000faf40 s10: 00000000000f8620
Jan  1 00:57:35 oscomp user.warn kernel: [ 3455.073984]  s11: 0000000000000001 t3 : 0000000000000000 t4 : 0000003fffaa1c90
Jan  1 00:57:35 oscomp user.warn kernel: [ 3455.074434]  t5 : 0000000000000000 t6 : 0000000000000000
Jan  1 00:57:35 oscomp user.warn kernel: [ 3455.074767] status: 0000000000004020 badaddr: 0000000012cea600 cause: 000000000000000c
Jan  1 01:01:44 oscomp user.info kernel: [ 3704.701608] unlink.c.bin[228]: unhandled signal 11 code 0x1 at 0x0000000012cea600
Jan  1 01:01:44 oscomp user.warn kernel: [ 3704.702141] CPU: 0 PID: 228 Comm: unlink.c.bin Not tainted 5.10.0 #1
Jan  1 01:01:44 oscomp user.warn kernel: [ 3704.702503] epc: 0000000012cea600 ra : 0000000012cea600 sp : 0000003fffc70d30
Jan  1 01:01:44 oscomp user.warn kernel: [ 3704.702878]  gp : 00000000000f6f40 tp : 0000003fda15b720 t0 : 0000003fda160d58
Jan  1 01:01:44 oscomp user.warn kernel: [ 3704.703132]  t1 : 0000003fda1dd260 t2 : 00000000000f6420 s0 : 0000000000000000
Jan  1 01:01:44 oscomp user.warn kernel: [ 3704.703570]  s1 : 00000000000f85f8 a0 : 0000000000000000 a1 : 0000000000002040
Jan  1 01:01:44 oscomp user.warn kernel: [ 3704.704120]  a2 : 000000000000000c a3 : fffffffff5c2c2c2 a4 : 0000000000000000
Jan  1 01:01:44 oscomp user.warn kernel: [ 3704.704712]  a5 : 000000000000204c a6 : 7efefefefefefeff a7 : 0000000000000040
Jan  1 01:01:44 oscomp user.warn kernel: [ 3704.705333]  s2 : 00000000000ef1e4 s3 : 00000000000d5f70 s4 : 00000000000f8630
Jan  1 01:01:44 oscomp user.warn kernel: [ 3704.705772]  s5 : 0000000000000008 s6 : 0000003fda15b730 s7 : 0000000000000000
Jan  1 01:01:44 oscomp user.warn kernel: [ 3704.706229]  s8 : 0000000000000000 s9 : 00000000000faf40 s10: 00000000000f8620
Jan  1 01:01:44 oscomp user.warn kernel: [ 3704.706683]  s11: 0000000000000001 t3 : 0000000000080260 t4 : 0000000000000000
Jan  1 01:01:44 oscomp user.warn kernel: [ 3704.707211]  t5 : 0000000000000005 t6 : 0000000000000000
Jan  1 01:01:44 oscomp user.warn kernel: [ 3704.707552] status: 0000000000004020 badaddr: 0000000012cea600 cause: 000000000000000c
Jan  1 01:03:07 oscomp user.info kernel: [ 3787.495958] unlink[234]: unhandled signal 11 code 0x1 at 0x0000000012cea600
Jan  1 01:03:07 oscomp user.warn kernel: [ 3787.497007] CPU: 0 PID: 234 Comm: unlink Not tainted 5.10.0 #1
Jan  1 01:03:07 oscomp user.warn kernel: [ 3787.497728] epc: 0000000012cea600 ra : 0000000012cea600 sp : 0000003fffe4dd40
Jan  1 01:03:07 oscomp user.warn kernel: [ 3787.498562]  gp : 00000000000f6f40 tp : 0000003fda15b720 t0 : 0000003fda160d58
Jan  1 01:03:07 oscomp user.warn kernel: [ 3787.499401]  t1 : 0000003fda1dd260 t2 : 00000000000f6420 s0 : 0000000000000000
Jan  1 01:03:07 oscomp user.warn kernel: [ 3787.500338]  s1 : 00000000000f85f8 a0 : 0000000000000000 a1 : 0000000000002028
Jan  1 01:03:07 oscomp user.warn kernel: [ 3787.500914]  a2 : 000000000000000c a3 : fffffffff5c2c2c2 a4 : 0000000000000000
Jan  1 01:03:07 oscomp user.warn kernel: [ 3787.501495]  a5 : 0000000000002034 a6 : 7efefefefefefeff a7 : 0000000000000040
Jan  1 01:03:07 oscomp user.warn kernel: [ 3787.502080]  s2 : 00000000000ef1e4 s3 : 00000000000d5f70 s4 : 00000000000f8630
Jan  1 01:03:07 oscomp user.warn kernel: [ 3787.502643]  s5 : 0000000000000008 s6 : 0000003fda15b730 s7 : 0000000000000000
Jan  1 01:03:07 oscomp user.warn kernel: [ 3787.503231]  s8 : 0000000000000000 s9 : 00000000000faf40 s10: 00000000000f8620
Jan  1 01:03:07 oscomp user.warn kernel: [ 3787.503682]  s11: 0000000000000001 t3 : 0000000000080260 t4 : 0000000000000000
Jan  1 01:03:07 oscomp user.warn kernel: [ 3787.504113]  t5 : 0000000000000005 t6 : 0000000000000000
Jan  1 01:03:07 oscomp user.warn kernel: [ 3787.504669] status: 0000000000004020 badaddr: 0000000012cea600 cause: 000000000000000c
Jan  1 01:06:53 oscomp user.info kernel: [ 4013.440006] unlink.c.bin[244]: unhandled signal 11 code 0x1 at 0x0000000012cea600
Jan  1 01:06:53 oscomp user.warn kernel: [ 4013.440751] CPU: 0 PID: 244 Comm: unlink.c.bin Not tainted 5.10.0 #1
Jan  1 01:06:53 oscomp user.warn kernel: [ 4013.441171] epc: 0000000012cea600 ra : 0000000012cea600 sp : 0000003fff84bd30
Jan  1 01:06:53 oscomp user.warn kernel: [ 4013.441601]  gp : 00000000000f6f40 tp : 0000003fda15b720 t0 : 0000003fda160d58
Jan  1 01:06:53 oscomp user.warn kernel: [ 4013.442034]  t1 : 0000003fda1dd260 t2 : 00000000000f6420 s0 : 0000000000000000
Jan  1 01:06:53 oscomp user.warn kernel: [ 4013.442466]  s1 : 00000000000f85f8 a0 : 0000000000000000 a1 : 0000000000002028
Jan  1 01:06:53 oscomp user.warn kernel: [ 4013.442897]  a2 : 000000000000000c a3 : fffffffff5c2c2c2 a4 : 0000000000000000
Jan  1 01:06:53 oscomp user.warn kernel: [ 4013.443338]  a5 : 0000000000002034 a6 : 7efefefefefefeff a7 : 0000000000000040
Jan  1 01:06:53 oscomp user.warn kernel: [ 4013.443811]  s2 : 00000000000ef1e4 s3 : 00000000000d5f70 s4 : 00000000000f8630
Jan  1 01:06:53 oscomp user.warn kernel: [ 4013.444331]  s5 : 0000000000000008 s6 : 0000003fda15b730 s7 : 0000000000000000
Jan  1 01:06:53 oscomp user.warn kernel: [ 4013.444770]  s8 : 0000000000000000 s9 : 00000000000faf40 s10: 00000000000f8620
Jan  1 01:06:53 oscomp user.warn kernel: [ 4013.445256]  s11: 0000000000000001 t3 : 0000000000080260 t4 : 0000000000000000
Jan  1 01:06:53 oscomp user.warn kernel: [ 4013.445748]  t5 : 0000000000000005 t6 : 0000000000000000
Jan  1 01:06:53 oscomp user.warn kernel: [ 4013.446139] status: 0000000000004020 badaddr: 0000000012cea600 cause: 000000000000000c
Jan  1 01:47:30 oscomp user.info kernel: [ 6450.948941] unlink.c.bin[256]: unhandled signal 11 code 0x1 at 0x0000000012cea600
Jan  1 01:47:30 oscomp user.warn kernel: [ 6450.949382] CPU: 0 PID: 256 Comm: unlink.c.bin Not tainted 5.10.0 #1
Jan  1 01:47:30 oscomp user.warn kernel: [ 6450.949681] epc: 0000000012cea600 ra : 0000000012cea600 sp : 0000003fff826d30
Jan  1 01:47:30 oscomp user.warn kernel: [ 6450.950011]  gp : 00000000000f6f40 tp : 0000003fda15b720 t0 : 0000003fda160d58
Jan  1 01:47:30 oscomp user.warn kernel: [ 6450.950346]  t1 : 0000003fda1dd260 t2 : 00000000000f6420 s0 : 0000000000000000
Jan  1 01:47:30 oscomp user.warn kernel: [ 6450.950816]  s1 : 00000000000f85f8 a0 : 0000000000000000 a1 : 0000000000002008
Jan  1 01:47:30 oscomp user.warn kernel: [ 6450.951150]  a2 : 000000000000000c a3 : fffffffff5c2c2c2 a4 : 0000000000000000
Jan  1 01:47:30 oscomp user.warn kernel: [ 6450.951477]  a5 : 0000000000002014 a6 : 7efefefefefefeff a7 : 0000000000000040
Jan  1 01:47:30 oscomp user.warn kernel: [ 6450.951830]  s2 : 00000000000ef1e4 s3 : 00000000000d5f70 s4 : 00000000000f8630
Jan  1 01:47:30 oscomp user.warn kernel: [ 6450.952317]  s5 : 0000000000000008 s6 : 0000003fda15b730 s7 : 0000000000000000
Jan  1 01:47:30 oscomp user.warn kernel: [ 6450.952833]  s8 : 0000000000000000 s9 : 00000000000faf40 s10: 00000000000f8620
Jan  1 01:47:30 oscomp user.warn kernel: [ 6450.953357]  s11: 0000000000000001 t3 : 0000000000080260 t4 : 0000000000000000
Jan  1 01:47:30 oscomp user.warn kernel: [ 6450.953874]  t5 : 0000000000000005 t6 : 0000000000000000
Jan  1 01:47:30 oscomp user.warn kernel: [ 6450.954267] status: 0000000000004020 badaddr: 0000000012cea600 cause: 000000000000000c
Jan  1 00:00:02 oscomp syslog.info syslogd started: BusyBox v1.32.0
Jan  1 00:00:02 oscomp user.notice kernel: [    0.000000] Linux version 5.10.0 (os@os-MMLP7AP-00) (riscv64-unknown-linux-gnu-gcc (GCC) 9.2.0, GNU ld (GNU Binutils) 2.33.1) #1 SMP Wed Apr 14 10:16:44 CST 2021
Jan  1 00:00:02 oscomp user.warn kernel: [    0.000000] OF: fdt: Ignoring memory range 0x80000000 - 0x80200000
Jan  1 00:00:02 oscomp user.info kernel: [    0.000000] efi: UEFI not found.
Jan  1 00:00:02 oscomp user.info kernel: [    0.000000] Zone ranges:
Jan  1 00:00:02 oscomp user.info kernel: [    0.000000]   DMA32    [mem 0x0000000080200000-0x0000000087ffffff]
Jan  1 00:00:02 oscomp user.info kernel: [    0.000000]   Normal   empty
Jan  1 00:00:02 oscomp user.info kernel: [    0.000000] Movable zone start for each node
Jan  1 00:00:02 oscomp user.info kernel: [    0.000000] Early memory node ranges
Jan  1 00:00:02 oscomp user.info kernel: [    0.000000]   node   0: [mem 0x0000000080200000-0x0000000087ffffff]
Jan  1 00:00:02 oscomp user.info kernel: [    0.000000] Initmem setup node 0 [mem 0x0000000080200000-0x0000000087ffffff]
Jan  1 00:00:02 oscomp user.debug kernel: [    0.000000] On node 0 totalpages: 32256
Jan  1 00:00:02 oscomp user.debug kernel: [    0.000000]   DMA32 zone: 441 pages used for memmap
Jan  1 00:00:02 oscomp user.debug kernel: [    0.000000]   DMA32 zone: 0 pages reserved
Jan  1 00:00:02 oscomp user.debug kernel: [    0.000000]   DMA32 zone: 32256 pages, LIFO batch:7
Jan  1 00:00:02 oscomp user.info kernel: [    0.000000] software IO TLB: mapped [mem 0x0000000083e3a000-0x0000000087e3a000] (64MB)
Jan  1 00:00:02 oscomp user.info kernel: [    0.000000] SBI specification v0.1 detected
Jan  1 00:00:02 oscomp user.info kernel: [    0.000000] riscv: ISA extensions acdfimsu
Jan  1 00:00:02 oscomp user.info kernel: [    0.000000] riscv: ELF capabilities acdfim
Jan  1 00:00:02 oscomp user.info kernel: [    0.000000] percpu: Embedded 16 pages/cpu s25944 r8192 d31400 u65536
Jan  1 00:00:02 oscomp user.debug kernel: [    0.000000] pcpu-alloc: s25944 r8192 d31400 u65536 alloc=16*4096
Jan  1 00:00:02 oscomp user.debug kernel: [    0.000000] pcpu-alloc: [0] 0 
Jan  1 00:00:02 oscomp user.info kernel: [    0.000000] Built 1 zonelists, mobility grouping on.  Total pages: 31815
Jan  1 00:00:02 oscomp user.notice kernel: [    0.000000] Kernel command line: root=/dev/vda1 ro console=ttyS0
Jan  1 00:00:02 oscomp user.info kernel: [    0.000000] Dentry cache hash table entries: 16384 (order: 5, 131072 bytes, linear)
Jan  1 00:00:02 oscomp user.info kernel: [    0.000000] Inode-cache hash table entries: 8192 (order: 4, 65536 bytes, linear)
Jan  1 00:00:02 oscomp user.notice kernel: [    0.000000] Sorting __ex_table...
Jan  1 00:00:02 oscomp user.info kernel: [    0.000000] mem auto-init: stack:off, heap alloc:off, heap free:off
Jan  1 00:00:02 oscomp user.info kernel: [    0.000000] Memory: 49804K/129024K available (3964K kernel code, 2829K rwdata, 2048K rodata, 185K init, 276K bss, 79220K reserved, 0K cma-reserved)
Jan  1 00:00:02 oscomp user.info kernel: [    0.000000] SLUB: HWalign=64, Order=0-3, MinObjects=0, CPUs=1, Nodes=1
Jan  1 00:00:02 oscomp user.info kernel: [    0.000000] rcu: Hierarchical RCU implementation.
Jan  1 00:00:02 oscomp user.info kernel: [    0.000000] rcu: 	RCU event tracing is enabled.
Jan  1 00:00:02 oscomp user.info kernel: [    0.000000] rcu: 	RCU restricting CPUs from NR_CPUS=8 to nr_cpu_ids=1.
Jan  1 00:00:02 oscomp user.info kernel: [    0.000000] 	Tracing variant of Tasks RCU enabled.
Jan  1 00:00:02 oscomp user.info kernel: [    0.000000] rcu: RCU calculated value of scheduler-enlistment delay is 25 jiffies.
Jan  1 00:00:02 oscomp user.info kernel: [    0.000000] rcu: Adjusting geometry for rcu_fanout_leaf=16, nr_cpu_ids=1
Jan  1 00:00:02 oscomp user.info kernel: [    0.000000] NR_IRQS: 64, nr_irqs: 64, preallocated irqs: 0
Jan  1 00:00:02 oscomp user.info kernel: [    0.000000] riscv-intc: 64 local interrupts mapped
Jan  1 00:00:02 oscomp user.info kernel: [    0.000000] plic: interrupt-controller@c000000: mapped 53 interrupts with 1 handlers for 2 contexts.
Jan  1 00:00:02 oscomp user.notice kernel: [    0.000000] random: get_random_bytes called from start_kernel+0x314/0x482 with crng_init=0
Jan  1 00:00:02 oscomp user.info kernel: [    0.000000] riscv_timer_init_dt: Registering clocksource cpuid [0] hartid [0]
Jan  1 00:00:02 oscomp user.info kernel: [    0.000000] clocksource: riscv_clocksource: mask: 0xffffffffffffffff max_cycles: 0x24e6a1710, max_idle_ns: 440795202120 ns
Jan  1 00:00:02 oscomp user.info kernel: [    0.000094] sched_clock: 64 bits at 10MHz, resolution 100ns, wraps every 4398046511100ns
Jan  1 00:00:02 oscomp user.info kernel: [    0.002355] Console: colour dummy device 80x25
Jan  1 00:00:02 oscomp user.info kernel: [    0.003392] Calibrating delay loop (skipped), value calculated using timer frequency.. 20.00 BogoMIPS (lpj=40000)
Jan  1 00:00:02 oscomp user.info kernel: [    0.003499] pid_max: default: 32768 minimum: 301
Jan  1 00:00:02 oscomp user.info kernel: [    0.004102] Mount-cache hash table entries: 512 (order: 0, 4096 bytes, linear)
Jan  1 00:00:02 oscomp user.info kernel: [    0.004124] Mountpoint-cache hash table entries: 512 (order: 0, 4096 bytes, linear)
Jan  1 00:00:02 oscomp user.info kernel: [    0.023306] rcu: Hierarchical SRCU implementation.
Jan  1 00:00:02 oscomp user.info kernel: [    0.024282] EFI services will not be available.
Jan  1 00:00:02 oscomp user.info kernel: [    0.024792] smp: Bringing up secondary CPUs ...
Jan  1 00:00:02 oscomp user.info kernel: [    0.024861] smp: Brought up 1 node, 1 CPU
Jan  1 00:00:02 oscomp user.info kernel: [    0.031197] devtmpfs: initialized
Jan  1 00:00:02 oscomp user.info kernel: [    0.035704] clocksource: jiffies: mask: 0xffffffff max_cycles: 0xffffffff, max_idle_ns: 7645041785100000 ns
Jan  1 00:00:02 oscomp user.info kernel: [    0.036087] futex hash table entries: 256 (order: 2, 16384 bytes, linear)
Jan  1 00:00:02 oscomp user.info kernel: [    0.037649] NET: Registered protocol family 16
Jan  1 00:00:02 oscomp user.info kernel: [    0.072882] vgaarb: loaded
Jan  1 00:00:02 oscomp user.info kernel: [    0.080643] clocksource: Switched to clocksource riscv_clocksource
Jan  1 00:00:02 oscomp user.info kernel: [    0.095541] NET: Registered protocol family 2
Jan  1 00:00:02 oscomp user.info kernel: [    0.100002] tcp_listen_portaddr_hash hash table entries: 256 (order: 0, 4096 bytes, linear)
Jan  1 00:00:02 oscomp user.info kernel: [    0.100315] TCP established hash table entries: 1024 (order: 1, 8192 bytes, linear)
Jan  1 00:00:02 oscomp user.info kernel: [    0.100495] TCP bind hash table entries: 1024 (order: 2, 16384 bytes, linear)
Jan  1 00:00:02 oscomp user.info kernel: [    0.100638] TCP: Hash tables configured (established 1024 bind 1024)
Jan  1 00:00:02 oscomp user.info kernel: [    0.102096] UDP hash table entries: 256 (order: 1, 8192 bytes, linear)
Jan  1 00:00:02 oscomp user.info kernel: [    0.102288] UDP-Lite hash table entries: 256 (order: 1, 8192 bytes, linear)
Jan  1 00:00:02 oscomp user.info kernel: [    0.103470] NET: Registered protocol family 1
Jan  1 00:00:02 oscomp user.info kernel: [    0.103884] PCI: CLS 0 bytes, default 64
Jan  1 00:00:02 oscomp user.info kernel: [    0.107906] workingset: timestamp_bits=62 max_order=14 bucket_order=0
Jan  1 00:00:02 oscomp user.info kernel: [    0.118488] Block layer SCSI generic (bsg) driver version 0.4 loaded (major 254)
Jan  1 00:00:02 oscomp user.info kernel: [    0.118614] io scheduler mq-deadline registered
Jan  1 00:00:02 oscomp user.info kernel: [    0.118680] io scheduler kyber registered
Jan  1 00:00:02 oscomp user.info kernel: [    0.173112] Serial: 8250/16550 driver, 4 ports, IRQ sharing disabled
Jan  1 00:00:02 oscomp user.info kernel: [    0.179454] printk: console [ttyS0] disabled
Jan  1 00:00:02 oscomp user.info kernel: [    0.180146] 10000000.uart: ttyS0 at MMIO 0x10000000 (irq = 2, base_baud = 230400) is a 16550A
Jan  1 00:00:02 oscomp user.info kernel: [    0.208979] printk: console [ttyS0] enabled
Jan  1 00:00:02 oscomp user.info kernel: [    0.223757] loop: module loaded
Jan  1 00:00:02 oscomp user.notice kernel: [    0.230807] virtio_blk virtio0: [vda] 1048576 512-byte logical blocks (537 MB/512 MiB)
Jan  1 00:00:02 oscomp user.info kernel: [    0.231444] vda: detected capacity change from 0 to 536870912
Jan  1 00:00:02 oscomp user.info kernel: [    0.242696]  vda: vda1 vda2
Jan  1 00:00:02 oscomp user.info kernel: [    0.251451] NET: Registered protocol family 10
Jan  1 00:00:02 oscomp user.info kernel: [    0.256709] Segment Routing with IPv6
Jan  1 00:00:02 oscomp user.info kernel: [    0.257215] sit: IPv6, IPv4 and MPLS over IPv4 tunneling driver
Jan  1 00:00:02 oscomp user.info kernel: [    0.260479] NET: Registered protocol family 17
Jan  1 00:00:02 oscomp user.info kernel: [    0.279129] EXT4-fs (vda1): INFO: recovery required on readonly filesystem
Jan  1 00:00:02 oscomp user.info kernel: [    0.279632] EXT4-fs (vda1): write access will be enabled during recovery
Jan  1 00:00:02 oscomp user.info kernel: [    0.311801] EXT4-fs (vda1): recovery complete
Jan  1 00:00:02 oscomp user.info kernel: [    0.314178] EXT4-fs (vda1): mounted filesystem with ordered data mode. Opts: (null)
Jan  1 00:00:02 oscomp user.info kernel: [    0.315217] VFS: Mounted root (ext4 filesystem) readonly on device 254:1.
Jan  1 00:00:02 oscomp user.info kernel: [    0.329839] Freeing unused kernel memory: 184K
Jan  1 00:00:02 oscomp user.info kernel: [    0.331438] Run /sbin/init as init process
Jan  1 00:00:02 oscomp user.debug kernel: [    0.331769]   with arguments:
Jan  1 00:00:02 oscomp user.debug kernel: [    0.331819]     /sbin/init
Jan  1 00:00:02 oscomp user.debug kernel: [    0.331844]   with environment:
Jan  1 00:00:02 oscomp user.debug kernel: [    0.331858]     HOME=/
Jan  1 00:00:02 oscomp user.debug kernel: [    0.331873]     TERM=linux
Jan  1 00:00:02 oscomp user.info kernel: [    0.505124] EXT4-fs (vda1): re-mounted. Opts: (null)
Jan  1 00:00:02 oscomp user.warn kernel: [    0.540648] FAT-fs (vda2): Volume was not properly unmounted. Some data may be corrupt. Please run fsck.
Jan  1 00:00:02 oscomp user.info kernel: [    1.260716] IPv6: ADDRCONF(NETDEV_CHANGE): eth0: link becomes ready
Jan  1 00:00:02 oscomp authpriv.info dropbear[53]: Not backgrounding
Jan  1 00:00:15 oscomp user.notice kernel: [   15.470006] random: fast init done
Jan  1 00:00:15 oscomp auth.info login[49]: root login on 'ttyS0'
Jan  1 00:04:30 oscomp authpriv.warn dropbear[53]: Waiting for kernel randomness to be initialised...
Jan  1 00:04:32 oscomp user.notice kernel: [  272.764488] random: crng init done
Jan  1 00:04:32 oscomp authpriv.info dropbear[63]: Child connection from 192.168.100.1:45840
Jan  1 00:04:32 oscomp authpriv.info dropbear[63]: Generated hostkey /etc/dropbear/dropbear_ecdsa_host_key, fingerprint is sha1!! 74:e5:15:c8:ab:e6:fa:0d:1d:6f:f5:67:1c:aa:6d:3b:29:9a:61:da
Jan  1 00:04:32 oscomp authpriv.info dropbear[63]: Exit before auth from <192.168.100.1:45840>: Exited normally
Jan  1 00:05:38 oscomp authpriv.info dropbear[65]: Child connection from 192.168.100.1:45842
Jan  1 00:05:38 oscomp authpriv.info dropbear[65]: Exit before auth from <192.168.100.1:45842>: Exited normally
Jan  1 00:00:02 oscomp syslog.info syslogd started: BusyBox v1.32.0
Jan  1 00:00:02 oscomp user.notice kernel: klogd started: BusyBox v1.32.0 (2021-04-14 10:15:12 CST)
Jan  1 00:00:02 oscomp user.notice kernel: [    0.000000] Linux version 5.10.0 (os@os-MMLP7AP-00) (riscv64-unknown-linux-gnu-gcc (GCC) 9.2.0, GNU ld (GNU Binutils) 2.33.1) #1 SMP Wed Apr 14 10:16:44 CST 2021
Jan  1 00:00:02 oscomp user.warn kernel: [    0.000000] OF: fdt: Ignoring memory range 0x80000000 - 0x80200000
Jan  1 00:00:02 oscomp user.info kernel: [    0.000000] efi: UEFI not found.
Jan  1 00:00:02 oscomp user.info kernel: [    0.000000] Zone ranges:
Jan  1 00:00:02 oscomp user.info kernel: [    0.000000]   DMA32    [mem 0x0000000080200000-0x0000000087ffffff]
Jan  1 00:00:02 oscomp user.info kernel: [    0.000000]   Normal   empty
Jan  1 00:00:02 oscomp user.info kernel: [    0.000000] Movable zone start for each node
Jan  1 00:00:02 oscomp user.info kernel: [    0.000000] Early memory node ranges
Jan  1 00:00:02 oscomp user.info kernel: [    0.000000]   node   0: [mem 0x0000000080200000-0x0000000087ffffff]
Jan  1 00:00:02 oscomp user.info kernel: [    0.000000] Initmem setup node 0 [mem 0x0000000080200000-0x0000000087ffffff]
Jan  1 00:00:02 oscomp user.debug kernel: [    0.000000] On node 0 totalpages: 32256
Jan  1 00:00:02 oscomp user.debug kernel: [    0.000000]   DMA32 zone: 441 pages used for memmap
Jan  1 00:00:02 oscomp user.debug kernel: [    0.000000]   DMA32 zone: 0 pages reserved
Jan  1 00:00:02 oscomp user.debug kernel: [    0.000000]   DMA32 zone: 32256 pages, LIFO batch:7
Jan  1 00:00:02 oscomp user.info kernel: [    0.000000] software IO TLB: mapped [mem 0x0000000083e3a000-0x0000000087e3a000] (64MB)
Jan  1 00:00:02 oscomp user.info kernel: [    0.000000] SBI specification v0.1 detected
Jan  1 00:00:02 oscomp user.info kernel: [    0.000000] riscv: ISA extensions acdfimsu
Jan  1 00:00:02 oscomp user.info kernel: [    0.000000] riscv: ELF capabilities acdfim
Jan  1 00:00:02 oscomp user.info kernel: [    0.000000] percpu: Embedded 16 pages/cpu s25944 r8192 d31400 u65536
Jan  1 00:00:02 oscomp user.debug kernel: [    0.000000] pcpu-alloc: s25944 r8192 d31400 u65536 alloc=16*4096
Jan  1 00:00:02 oscomp user.debug kernel: [    0.000000] pcpu-alloc: [0] 0 
Jan  1 00:00:02 oscomp user.info kernel: [    0.000000] Built 1 zonelists, mobility grouping on.  Total pages: 31815
Jan  1 00:00:02 oscomp user.notice kernel: [    0.000000] Kernel command line: root=/dev/vda1 ro console=ttyS0
Jan  1 00:00:02 oscomp user.info kernel: [    0.000000] Dentry cache hash table entries: 16384 (order: 5, 131072 bytes, linear)
Jan  1 00:00:02 oscomp user.info kernel: [    0.000000] Inode-cache hash table entries: 8192 (order: 4, 65536 bytes, linear)
Jan  1 00:00:02 oscomp user.notice kernel: [    0.000000] Sorting __ex_table...
Jan  1 00:00:02 oscomp user.info kernel: [    0.000000] mem auto-init: stack:off, heap alloc:off, heap free:off
Jan  1 00:00:02 oscomp user.info kernel: [    0.000000] Memory: 49804K/129024K available (3964K kernel code, 2829K rwdata, 2048K rodata, 185K init, 276K bss, 79220K reserved, 0K cma-reserved)
Jan  1 00:00:02 oscomp user.info kernel: [    0.000000] SLUB: HWalign=64, Order=0-3, MinObjects=0, CPUs=1, Nodes=1
Jan  1 00:00:02 oscomp user.info kernel: [    0.000000] rcu: Hierarchical RCU implementation.
Jan  1 00:00:02 oscomp user.info kernel: [    0.000000] rcu: 	RCU event tracing is enabled.
Jan  1 00:00:02 oscomp user.info kernel: [    0.000000] rcu: 	RCU restricting CPUs from NR_CPUS=8 to nr_cpu_ids=1.
Jan  1 00:00:02 oscomp user.info kernel: [    0.000000] 	Tracing variant of Tasks RCU enabled.
Jan  1 00:00:02 oscomp user.info kernel: [    0.000000] rcu: RCU calculated value of scheduler-enlistment delay is 25 jiffies.
Jan  1 00:00:02 oscomp user.info kernel: [    0.000000] rcu: Adjusting geometry for rcu_fanout_leaf=16, nr_cpu_ids=1
Jan  1 00:00:02 oscomp user.info kernel: [    0.000000] NR_IRQS: 64, nr_irqs: 64, preallocated irqs: 0
Jan  1 00:00:02 oscomp user.info kernel: [    0.000000] riscv-intc: 64 local interrupts mapped
Jan  1 00:00:02 oscomp user.info kernel: [    0.000000] plic: interrupt-controller@c000000: mapped 53 interrupts with 1 handlers for 2 contexts.
Jan  1 00:00:02 oscomp user.notice kernel: [    0.000000] random: get_random_bytes called from start_kernel+0x314/0x482 with crng_init=0
Jan  1 00:00:02 oscomp user.info kernel: [    0.000000] riscv_timer_init_dt: Registering clocksource cpuid [0] hartid [0]
Jan  1 00:00:02 oscomp user.info kernel: [    0.000000] clocksource: riscv_clocksource: mask: 0xffffffffffffffff max_cycles: 0x24e6a1710, max_idle_ns: 440795202120 ns
Jan  1 00:00:02 oscomp user.info kernel: [    0.000095] sched_clock: 64 bits at 10MHz, resolution 100ns, wraps every 4398046511100ns
Jan  1 00:00:02 oscomp user.info kernel: [    0.002148] Console: colour dummy device 80x25
Jan  1 00:00:02 oscomp user.info kernel: [    0.003135] Calibrating delay loop (skipped), value calculated using timer frequency.. 20.00 BogoMIPS (lpj=40000)
Jan  1 00:00:02 oscomp user.info kernel: [    0.003254] pid_max: default: 32768 minimum: 301
Jan  1 00:00:02 oscomp user.info kernel: [    0.003956] Mount-cache hash table entries: 512 (order: 0, 4096 bytes, linear)
Jan  1 00:00:02 oscomp user.info kernel: [    0.003981] Mountpoint-cache hash table entries: 512 (order: 0, 4096 bytes, linear)
Jan  1 00:00:02 oscomp user.info kernel: [    0.021917] rcu: Hierarchical SRCU implementation.
Jan  1 00:00:02 oscomp user.info kernel: [    0.023013] EFI services will not be available.
Jan  1 00:00:02 oscomp user.info kernel: [    0.023689] smp: Bringing up secondary CPUs ...
Jan  1 00:00:02 oscomp user.info kernel: [    0.023754] smp: Brought up 1 node, 1 CPU
Jan  1 00:00:02 oscomp user.info kernel: [    0.029764] devtmpfs: initialized
Jan  1 00:00:02 oscomp user.info kernel: [    0.033917] clocksource: jiffies: mask: 0xffffffff max_cycles: 0xffffffff, max_idle_ns: 7645041785100000 ns
Jan  1 00:00:02 oscomp user.info kernel: [    0.034104] futex hash table entries: 256 (order: 2, 16384 bytes, linear)
Jan  1 00:00:02 oscomp user.info kernel: [    0.035448] NET: Registered protocol family 16
Jan  1 00:00:02 oscomp user.info kernel: [    0.070990] vgaarb: loaded
Jan  1 00:00:02 oscomp user.info kernel: [    0.080093] clocksource: Switched to clocksource riscv_clocksource
Jan  1 00:00:02 oscomp user.info kernel: [    0.090988] NET: Registered protocol family 2
Jan  1 00:00:02 oscomp user.info kernel: [    0.093722] tcp_listen_portaddr_hash hash table entries: 256 (order: 0, 4096 bytes, linear)
Jan  1 00:00:02 oscomp user.info kernel: [    0.093798] TCP established hash table entries: 1024 (order: 1, 8192 bytes, linear)
Jan  1 00:00:02 oscomp user.info kernel: [    0.093910] TCP bind hash table entries: 1024 (order: 2, 16384 bytes, linear)
Jan  1 00:00:02 oscomp user.info kernel: [    0.093984] TCP: Hash tables configured (established 1024 bind 1024)
Jan  1 00:00:02 oscomp user.info kernel: [    0.094883] UDP hash table entries: 256 (order: 1, 8192 bytes, linear)
Jan  1 00:00:02 oscomp user.info kernel: [    0.095033] UDP-Lite hash table entries: 256 (order: 1, 8192 bytes, linear)
Jan  1 00:00:02 oscomp user.info kernel: [    0.096107] NET: Registered protocol family 1
Jan  1 00:00:02 oscomp user.info kernel: [    0.096378] PCI: CLS 0 bytes, default 64
Jan  1 00:00:02 oscomp user.info kernel: [    0.099559] workingset: timestamp_bits=62 max_order=14 bucket_order=0
Jan  1 00:00:02 oscomp user.info kernel: [    0.110068] Block layer SCSI generic (bsg) driver version 0.4 loaded (major 254)
Jan  1 00:00:02 oscomp user.info kernel: [    0.110185] io scheduler mq-deadline registered
Jan  1 00:00:02 oscomp user.info kernel: [    0.110268] io scheduler kyber registered
Jan  1 00:00:02 oscomp user.info kernel: [    0.150235] Serial: 8250/16550 driver, 4 ports, IRQ sharing disabled
Jan  1 00:00:02 oscomp user.info kernel: [    0.156154] printk: console [ttyS0] disabled
Jan  1 00:00:02 oscomp user.info kernel: [    0.157072] 10000000.uart: ttyS0 at MMIO 0x10000000 (irq = 2, base_baud = 230400) is a 16550A
Jan  1 00:00:02 oscomp user.info kernel: [    0.195982] printk: console [ttyS0] enabled
Jan  1 00:00:02 oscomp user.info kernel: [    0.208834] loop: module loaded
Jan  1 00:00:02 oscomp user.notice kernel: [    0.216289] virtio_blk virtio0: [vda] 1048576 512-byte logical blocks (537 MB/512 MiB)
Jan  1 00:00:02 oscomp user.info kernel: [    0.216815] vda: detected capacity change from 0 to 536870912
Jan  1 00:00:02 oscomp user.info kernel: [    0.227847]  vda: vda1 vda2
Jan  1 00:00:02 oscomp user.info kernel: [    0.236959] NET: Registered protocol family 10
Jan  1 00:00:02 oscomp user.info kernel: [    0.243413] Segment Routing with IPv6
Jan  1 00:00:02 oscomp user.info kernel: [    0.244080] sit: IPv6, IPv4 and MPLS over IPv4 tunneling driver
Jan  1 00:00:02 oscomp user.info kernel: [    0.246194] NET: Registered protocol family 17
Jan  1 00:00:02 oscomp user.info kernel: [    0.262794] EXT4-fs (vda1): INFO: recovery required on readonly filesystem
Jan  1 00:00:02 oscomp user.info kernel: [    0.263043] EXT4-fs (vda1): write access will be enabled during recovery
Jan  1 00:00:02 oscomp user.info kernel: [    0.281381] EXT4-fs (vda1): recovery complete
Jan  1 00:00:02 oscomp user.info kernel: [    0.284328] EXT4-fs (vda1): mounted filesystem with ordered data mode. Opts: (null)
Jan  1 00:00:02 oscomp user.info kernel: [    0.284984] VFS: Mounted root (ext4 filesystem) readonly on device 254:1.
Jan  1 00:00:02 oscomp user.info kernel: [    0.299534] Freeing unused kernel memory: 184K
Jan  1 00:00:02 oscomp user.info kernel: [    0.301288] Run /sbin/init as init process
Jan  1 00:00:02 oscomp user.debug kernel: [    0.301412]   with arguments:
Jan  1 00:00:02 oscomp user.debug kernel: [    0.301427]     /sbin/init
Jan  1 00:00:02 oscomp user.debug kernel: [    0.301441]   with environment:
Jan  1 00:00:02 oscomp user.debug kernel: [    0.301454]     HOME=/
Jan  1 00:00:02 oscomp user.debug kernel: [    0.301466]     TERM=linux
Jan  1 00:00:02 oscomp user.info kernel: [    0.478850] EXT4-fs (vda1): re-mounted. Opts: (null)
Jan  1 00:00:02 oscomp user.warn kernel: [    0.517143] FAT-fs (vda2): Volume was not properly unmounted. Some data may be corrupt. Please run fsck.
Jan  1 00:00:02 oscomp user.info kernel: [    1.256183] IPv6: ADDRCONF(NETDEV_CHANGE): eth0: link becomes ready
Jan  1 00:00:02 oscomp authpriv.info dropbear[53]: Not backgrounding
Jan  1 00:00:08 oscomp auth.info login[49]: root login on 'ttyS0'
Jan  1 00:00:11 oscomp user.notice kernel: [   11.109115] random: fast init done
Jan  1 00:00:31 oscomp authpriv.warn dropbear[53]: Waiting for kernel randomness to be initialised...
Jan  1 00:00:33 oscomp user.notice kernel: [   33.704275] random: crng init done
Jan  1 00:00:33 oscomp authpriv.info dropbear[56]: Child connection from 192.168.100.1:45850
Jan  1 00:00:33 oscomp authpriv.info dropbear[56]: Exit before auth from <192.168.100.1:45850>: Exited normally
Jan  1 00:01:49 oscomp authpriv.info dropbear[57]: Child connection from 192.168.100.1:45852
Jan  1 00:01:49 oscomp authpriv.info dropbear[57]: Exit before auth from <192.168.100.1:45852>: Exited normally
Jan  1 00:02:16 oscomp authpriv.info dropbear[58]: Child connection from 192.168.100.1:45854
Jan  1 00:02:26 oscomp authpriv.notice dropbear[58]: Password auth succeeded for 'root' from 192.168.100.1:45854
Jan  1 00:02:26 oscomp authpriv.info dropbear[58]: Exit (root) from <192.168.100.1:45854>: Disconnect received
Jan  1 00:00:04 oscomp syslog.info syslogd started: BusyBox v1.32.0
Jan  1 00:00:04 oscomp user.info kernel: [    0.000000]   DMA32    [mem 0x0000000080200000-0x0000000087ffffff]
Jan  1 00:00:04 oscomp user.info kernel: [    0.000000]   Normal   empty
Jan  1 00:00:04 oscomp user.info kernel: [    0.000000] Movable zone start for each node
Jan  1 00:00:04 oscomp user.info kernel: [    0.000000] Early memory node ranges
Jan  1 00:00:04 oscomp user.info kernel: [    0.000000]   node   0: [mem 0x0000000080200000-0x0000000087ffffff]
Jan  1 00:00:04 oscomp user.info kernel: [    0.000000] Initmem setup node 0 [mem 0x0000000080200000-0x0000000087ffffff]
Jan  1 00:00:04 oscomp user.debug kernel: [    0.000000] On node 0 totalpages: 32256
Jan  1 00:00:04 oscomp user.debug kernel: [    0.000000]   DMA32 zone: 441 pages used for memmap
Jan  1 00:00:04 oscomp user.debug kernel: [    0.000000]   DMA32 zone: 0 pages reserved
Jan  1 00:00:04 oscomp user.debug kernel: [    0.000000]   DMA32 zone: 32256 pages, LIFO batch:7
Jan  1 00:00:04 oscomp user.info kernel: [    0.000000] software IO TLB: mapped [mem 0x0000000083e3a000-0x0000000087e3a000] (64MB)
Jan  1 00:00:04 oscomp user.info kernel: [    0.000000] SBI specification v0.1 detected
Jan  1 00:00:04 oscomp user.info kernel: [    0.000000] riscv: ISA extensions acdfimsu
Jan  1 00:00:04 oscomp user.info kernel: [    0.000000] riscv: ELF capabilities acdfim
Jan  1 00:00:04 oscomp user.info kernel: [    0.000000] percpu: Embedded 16 pages/cpu s25944 r8192 d31400 u65536
Jan  1 00:00:04 oscomp user.debug kernel: [    0.000000] pcpu-alloc: s25944 r8192 d31400 u65536 alloc=16*4096
Jan  1 00:00:04 oscomp user.debug kernel: [    0.000000] pcpu-alloc: [0] 0 
Jan  1 00:00:04 oscomp user.info kernel: [    0.000000] Built 1 zonelists, mobility grouping on.  Total pages: 31815
Jan  1 00:00:04 oscomp user.notice kernel: [    0.000000] Kernel command line: root=/dev/vda1 ro console=ttyS0
Jan  1 00:00:04 oscomp user.info kernel: [    0.000000] Dentry cache hash table entries: 16384 (order: 5, 131072 bytes, linear)
Jan  1 00:00:04 oscomp user.info kernel: [    0.000000] Inode-cache hash table entries: 8192 (order: 4, 65536 bytes, linear)
Jan  1 00:00:04 oscomp user.notice kernel: [    0.000000] Sorting __ex_table...
Jan  1 00:00:04 oscomp user.info kernel: [    0.000000] mem auto-init: stack:off, heap alloc:off, heap free:off
Jan  1 00:00:04 oscomp user.info kernel: [    0.000000] Memory: 49804K/129024K available (3964K kernel code, 2829K rwdata, 2048K rodata, 185K init, 276K bss, 79220K reserved, 0K cma-reserved)
Jan  1 00:00:04 oscomp user.info kernel: [    0.000000] SLUB: HWalign=64, Order=0-3, MinObjects=0, CPUs=1, Nodes=1
Jan  1 00:00:04 oscomp user.info kernel: [    0.000000] rcu: Hierarchical RCU implementation.
Jan  1 00:00:04 oscomp user.info kernel: [    0.000000] rcu: 	RCU event tracing is enabled.
Jan  1 00:00:04 oscomp user.info kernel: [    0.000000] rcu: 	RCU restricting CPUs from NR_CPUS=8 to nr_cpu_ids=1.
Jan  1 00:00:04 oscomp user.info kernel: [    0.000000] 	Tracing variant of Tasks RCU enabled.
Jan  1 00:00:04 oscomp user.info kernel: [    0.000000] rcu: RCU calculated value of scheduler-enlistment delay is 25 jiffies.
Jan  1 00:00:04 oscomp user.info kernel: [    0.000000] rcu: Adjusting geometry for rcu_fanout_leaf=16, nr_cpu_ids=1
Jan  1 00:00:04 oscomp user.info kernel: [    0.000000] NR_IRQS: 64, nr_irqs: 64, preallocated irqs: 0
Jan  1 00:00:04 oscomp user.info kernel: [    0.000000] riscv-intc: 64 local interrupts mapped
Jan  1 00:00:04 oscomp user.info kernel: [    0.000000] plic: interrupt-controller@c000000: mapped 53 interrupts with 1 handlers for 2 contexts.
Jan  1 00:00:04 oscomp user.notice kernel: [    0.000000] random: get_random_bytes called from start_kernel+0x314/0x482 with crng_init=0
Jan  1 00:00:04 oscomp user.info kernel: [    0.000000] riscv_timer_init_dt: Registering clocksource cpuid [0] hartid [0]
Jan  1 00:00:04 oscomp user.info kernel: [    0.000000] clocksource: riscv_clocksource: mask: 0xffffffffffffffff max_cycles: 0x24e6a1710, max_idle_ns: 440795202120 ns
Jan  1 00:00:04 oscomp user.info kernel: [    0.000234] sched_clock: 64 bits at 10MHz, resolution 100ns, wraps every 4398046511100ns
Jan  1 00:00:04 oscomp user.info kernel: [    0.005007] Console: colour dummy device 80x25
Jan  1 00:00:04 oscomp user.info kernel: [    0.010421] Calibrating delay loop (skipped), value calculated using timer frequency.. 20.00 BogoMIPS (lpj=40000)
Jan  1 00:00:04 oscomp user.info kernel: [    0.010692] pid_max: default: 32768 minimum: 301
Jan  1 00:00:04 oscomp user.info kernel: [    0.012184] Mount-cache hash table entries: 512 (order: 0, 4096 bytes, linear)
Jan  1 00:00:04 oscomp user.info kernel: [    0.012241] Mountpoint-cache hash table entries: 512 (order: 0, 4096 bytes, linear)
Jan  1 00:00:04 oscomp user.info kernel: [    0.051512] rcu: Hierarchical SRCU implementation.
Jan  1 00:00:04 oscomp user.info kernel: [    0.053849] EFI services will not be available.
Jan  1 00:00:04 oscomp user.info kernel: [    0.054928] smp: Bringing up secondary CPUs ...
Jan  1 00:00:04 oscomp user.info kernel: [    0.055072] smp: Brought up 1 node, 1 CPU
Jan  1 00:00:04 oscomp user.info kernel: [    0.070889] devtmpfs: initialized
Jan  1 00:00:04 oscomp user.info kernel: [    0.084952] clocksource: jiffies: mask: 0xffffffff max_cycles: 0xffffffff, max_idle_ns: 7645041785100000 ns
Jan  1 00:00:04 oscomp user.info kernel: [    0.085675] futex hash table entries: 256 (order: 2, 16384 bytes, linear)
Jan  1 00:00:04 oscomp user.info kernel: [    0.089937] NET: Registered protocol family 16
Jan  1 00:00:04 oscomp user.info kernel: [    0.155866] vgaarb: loaded
Jan  1 00:00:04 oscomp user.info kernel: [    0.170916] clocksource: Switched to clocksource riscv_clocksource
Jan  1 00:00:04 oscomp user.info kernel: [    0.189049] NET: Registered protocol family 2
Jan  1 00:00:04 oscomp user.info kernel: [    0.198702] tcp_listen_portaddr_hash hash table entries: 256 (order: 0, 4096 bytes, linear)
Jan  1 00:00:04 oscomp user.info kernel: [    0.199055] TCP established hash table entries: 1024 (order: 1, 8192 bytes, linear)
Jan  1 00:00:04 oscomp user.info kernel: [    0.199627] TCP bind hash table entries: 1024 (order: 2, 16384 bytes, linear)
Jan  1 00:00:04 oscomp user.info kernel: [    0.199934] TCP: Hash tables configured (established 1024 bind 1024)
Jan  1 00:00:04 oscomp user.info kernel: [    0.203636] UDP hash table entries: 256 (order: 1, 8192 bytes, linear)
Jan  1 00:00:04 oscomp user.info kernel: [    0.204039] UDP-Lite hash table entries: 256 (order: 1, 8192 bytes, linear)
Jan  1 00:00:04 oscomp user.info kernel: [    0.206804] NET: Registered protocol family 1
Jan  1 00:00:04 oscomp user.info kernel: [    0.207438] PCI: CLS 0 bytes, default 64
Jan  1 00:00:04 oscomp user.info kernel: [    0.216603] workingset: timestamp_bits=62 max_order=14 bucket_order=0
Jan  1 00:00:04 oscomp user.info kernel: [    0.233915] Block layer SCSI generic (bsg) driver version 0.4 loaded (major 254)
Jan  1 00:00:04 oscomp user.info kernel: [    0.234323] io scheduler mq-deadline registered
Jan  1 00:00:04 oscomp user.info kernel: [    0.234490] io scheduler kyber registered
Jan  1 00:00:04 oscomp user.info kernel: [    0.321162] Serial: 8250/16550 driver, 4 ports, IRQ sharing disabled
Jan  1 00:00:04 oscomp user.info kernel: [    0.333219] printk: console [ttyS0] disabled
Jan  1 00:00:04 oscomp user.info kernel: [    0.334935] 10000000.uart: ttyS0 at MMIO 0x10000000 (irq = 2, base_baud = 230400) is a 16550A
Jan  1 00:00:04 oscomp user.info kernel: [    0.367320] printk: console [ttyS0] enabled
Jan  1 00:00:04 oscomp user.info kernel: [    0.377848] loop: module loaded
Jan  1 00:00:04 oscomp user.notice kernel: [    0.386393] virtio_blk virtio0: [vda] 1048576 512-byte logical blocks (537 MB/512 MiB)
Jan  1 00:00:04 oscomp user.info kernel: [    0.386921] vda: detected capacity change from 0 to 536870912
Jan  1 00:00:04 oscomp user.info kernel: [    0.399884]  vda: vda1 vda2
Jan  1 00:00:04 oscomp user.info kernel: [    0.415310] NET: Registered protocol family 10
Jan  1 00:00:04 oscomp user.info kernel: [    0.420942] Segment Routing with IPv6
Jan  1 00:00:04 oscomp user.info kernel: [    0.421595] sit: IPv6, IPv4 and MPLS over IPv4 tunneling driver
Jan  1 00:00:04 oscomp user.info kernel: [    0.424046] NET: Registered protocol family 17
Jan  1 00:00:04 oscomp user.info kernel: [    0.461505] EXT4-fs (vda1): INFO: recovery required on readonly filesystem
Jan  1 00:00:04 oscomp user.info kernel: [    0.462115] EXT4-fs (vda1): write access will be enabled during recovery
Jan  1 00:00:04 oscomp user.info kernel: [    0.565745] EXT4-fs (vda1): recovery complete
Jan  1 00:00:04 oscomp user.info kernel: [    0.568640] EXT4-fs (vda1): mounted filesystem with ordered data mode. Opts: (null)
Jan  1 00:00:04 oscomp user.info kernel: [    0.569464] VFS: Mounted root (ext4 filesystem) readonly on device 254:1.
Jan  1 00:00:04 oscomp user.info kernel: [    0.606091] Freeing unused kernel memory: 184K
Jan  1 00:00:04 oscomp user.info kernel: [    0.607983] Run /sbin/init as init process
Jan  1 00:00:04 oscomp user.debug kernel: [    0.608327]   with arguments:
Jan  1 00:00:04 oscomp user.debug kernel: [    0.608355]     /sbin/init
Jan  1 00:00:04 oscomp user.debug kernel: [    0.608378]   with environment:
Jan  1 00:00:04 oscomp user.debug kernel: [    0.608401]     HOME=/
Jan  1 00:00:04 oscomp user.debug kernel: [    0.608427]     TERM=linux
Jan  1 00:00:04 oscomp user.info kernel: [    0.957403] EXT4-fs (vda1): re-mounted. Opts: (null)
Jan  1 00:00:04 oscomp user.warn kernel: [    1.023963] FAT-fs (vda2): Volume was not properly unmounted. Some data may be corrupt. Please run fsck.
Jan  1 00:00:04 oscomp authpriv.info dropbear[53]: Not backgrounding
Jan  1 00:00:11 oscomp auth.info login[49]: root login on 'ttyS0'
Jan  1 00:00:14 oscomp user.notice kernel: [   14.482679] random: fast init done
Jan  1 00:02:45 oscomp authpriv.warn dropbear[53]: Waiting for kernel randomness to be initialised...
Jan  1 00:02:48 oscomp user.notice kernel: [  168.022765] random: crng init done
Jan  1 00:02:48 oscomp authpriv.info dropbear[58]: Child connection from 192.168.100.1:51890
Jan  1 00:02:50 oscomp authpriv.notice dropbear[58]: Password auth succeeded for 'root' from 192.168.100.1:51890
Jan  1 00:02:51 oscomp authpriv.info dropbear[58]: Exit (root) from <192.168.100.1:51890>: Disconnect received
Jan  1 00:00:03 oscomp syslog.info syslogd started: BusyBox v1.32.0
Jan  1 00:00:03 oscomp user.notice kernel: [    0.000000] Linux version 5.10.0 (os@os-MMLP7AP-00) (riscv64-unknown-linux-gnu-gcc (GCC) 9.2.0, GNU ld (GNU Binutils) 2.33.1) #1 SMP Wed Apr 14 10:16:44 CST 2021
Jan  1 00:00:03 oscomp user.warn kernel: [    0.000000] OF: fdt: Ignoring memory range 0x80000000 - 0x80200000
Jan  1 00:00:03 oscomp user.info kernel: [    0.000000] efi: UEFI not found.
Jan  1 00:00:03 oscomp user.info kernel: [    0.000000] Zone ranges:
Jan  1 00:00:03 oscomp user.info kernel: [    0.000000]   DMA32    [mem 0x0000000080200000-0x0000000087ffffff]
Jan  1 00:00:03 oscomp user.info kernel: [    0.000000]   Normal   empty
Jan  1 00:00:03 oscomp user.info kernel: [    0.000000] Movable zone start for each node
Jan  1 00:00:03 oscomp user.info kernel: [    0.000000] Early memory node ranges
Jan  1 00:00:03 oscomp user.info kernel: [    0.000000]   node   0: [mem 0x0000000080200000-0x0000000087ffffff]
Jan  1 00:00:03 oscomp user.info kernel: [    0.000000] Initmem setup node 0 [mem 0x0000000080200000-0x0000000087ffffff]
Jan  1 00:00:03 oscomp user.debug kernel: [    0.000000] On node 0 totalpages: 32256
Jan  1 00:00:03 oscomp user.debug kernel: [    0.000000]   DMA32 zone: 441 pages used for memmap
Jan  1 00:00:03 oscomp user.debug kernel: [    0.000000]   DMA32 zone: 0 pages reserved
Jan  1 00:00:03 oscomp user.debug kernel: [    0.000000]   DMA32 zone: 32256 pages, LIFO batch:7
Jan  1 00:00:03 oscomp user.info kernel: [    0.000000] software IO TLB: mapped [mem 0x0000000083e3a000-0x0000000087e3a000] (64MB)
Jan  1 00:00:03 oscomp user.info kernel: [    0.000000] SBI specification v0.1 detected
Jan  1 00:00:03 oscomp user.info kernel: [    0.000000] riscv: ISA extensions acdfimsu
Jan  1 00:00:03 oscomp user.info kernel: [    0.000000] riscv: ELF capabilities acdfim
Jan  1 00:00:03 oscomp user.info kernel: [    0.000000] percpu: Embedded 16 pages/cpu s25944 r8192 d31400 u65536
Jan  1 00:00:03 oscomp user.debug kernel: [    0.000000] pcpu-alloc: s25944 r8192 d31400 u65536 alloc=16*4096
Jan  1 00:00:03 oscomp user.debug kernel: [    0.000000] pcpu-alloc: [0] 0 
Jan  1 00:00:03 oscomp user.info kernel: [    0.000000] Built 1 zonelists, mobility grouping on.  Total pages: 31815
Jan  1 00:00:03 oscomp user.notice kernel: [    0.000000] Kernel command line: root=/dev/vda1 ro console=ttyS0
Jan  1 00:00:03 oscomp user.info kernel: [    0.000000] Dentry cache hash table entries: 16384 (order: 5, 131072 bytes, linear)
Jan  1 00:00:03 oscomp user.info kernel: [    0.000000] Inode-cache hash table entries: 8192 (order: 4, 65536 bytes, linear)
Jan  1 00:00:03 oscomp user.notice kernel: [    0.000000] Sorting __ex_table...
Jan  1 00:00:03 oscomp user.info kernel: [    0.000000] mem auto-init: stack:off, heap alloc:off, heap free:off
Jan  1 00:00:03 oscomp user.info kernel: [    0.000000] Memory: 49804K/129024K available (3964K kernel code, 2829K rwdata, 2048K rodata, 185K init, 276K bss, 79220K reserved, 0K cma-reserved)
Jan  1 00:00:03 oscomp user.info kernel: [    0.000000] SLUB: HWalign=64, Order=0-3, MinObjects=0, CPUs=1, Nodes=1
Jan  1 00:00:03 oscomp user.info kernel: [    0.000000] rcu: Hierarchical RCU implementation.
Jan  1 00:00:03 oscomp user.info kernel: [    0.000000] rcu: 	RCU event tracing is enabled.
Jan  1 00:00:03 oscomp user.info kernel: [    0.000000] rcu: 	RCU restricting CPUs from NR_CPUS=8 to nr_cpu_ids=1.
Jan  1 00:00:03 oscomp user.info kernel: [    0.000000] 	Tracing variant of Tasks RCU enabled.
Jan  1 00:00:03 oscomp user.info kernel: [    0.000000] rcu: RCU calculated value of scheduler-enlistment delay is 25 jiffies.
Jan  1 00:00:03 oscomp user.info kernel: [    0.000000] rcu: Adjusting geometry for rcu_fanout_leaf=16, nr_cpu_ids=1
Jan  1 00:00:03 oscomp user.info kernel: [    0.000000] NR_IRQS: 64, nr_irqs: 64, preallocated irqs: 0
Jan  1 00:00:03 oscomp user.info kernel: [    0.000000] riscv-intc: 64 local interrupts mapped
Jan  1 00:00:03 oscomp user.info kernel: [    0.000000] plic: interrupt-controller@c000000: mapped 53 interrupts with 1 handlers for 2 contexts.
Jan  1 00:00:03 oscomp user.notice kernel: [    0.000000] random: get_random_bytes called from start_kernel+0x314/0x482 with crng_init=0
Jan  1 00:00:03 oscomp user.info kernel: [    0.000000] riscv_timer_init_dt: Registering clocksource cpuid [0] hartid [0]
Jan  1 00:00:03 oscomp user.info kernel: [    0.000000] clocksource: riscv_clocksource: mask: 0xffffffffffffffff max_cycles: 0x24e6a1710, max_idle_ns: 440795202120 ns
Jan  1 00:00:03 oscomp user.info kernel: [    0.000105] sched_clock: 64 bits at 10MHz, resolution 100ns, wraps every 4398046511100ns
Jan  1 00:00:03 oscomp user.info kernel: [    0.002531] Console: colour dummy device 80x25
Jan  1 00:00:03 oscomp user.info kernel: [    0.004308] Calibrating delay loop (skipped), value calculated using timer frequency.. 20.00 BogoMIPS (lpj=40000)
Jan  1 00:00:03 oscomp user.info kernel: [    0.004615] pid_max: default: 32768 minimum: 301
Jan  1 00:00:03 oscomp user.info kernel: [    0.008202] Mount-cache hash table entries: 512 (order: 0, 4096 bytes, linear)
Jan  1 00:00:03 oscomp user.info kernel: [    0.008252] Mountpoint-cache hash table entries: 512 (order: 0, 4096 bytes, linear)
Jan  1 00:00:03 oscomp user.info kernel: [    0.033793] rcu: Hierarchical SRCU implementation.
Jan  1 00:00:03 oscomp user.info kernel: [    0.035778] EFI services will not be available.
Jan  1 00:00:03 oscomp user.info kernel: [    0.036633] smp: Bringing up secondary CPUs ...
Jan  1 00:00:03 oscomp user.info kernel: [    0.036856] smp: Brought up 1 node, 1 CPU
Jan  1 00:00:03 oscomp user.info kernel: [    0.046782] devtmpfs: initialized
Jan  1 00:00:03 oscomp user.info kernel: [    0.053859] clocksource: jiffies: mask: 0xffffffff max_cycles: 0xffffffff, max_idle_ns: 7645041785100000 ns
Jan  1 00:00:03 oscomp user.info kernel: [    0.054381] futex hash table entries: 256 (order: 2, 16384 bytes, linear)
Jan  1 00:00:03 oscomp user.info kernel: [    0.056681] NET: Registered protocol family 16
Jan  1 00:00:03 oscomp user.info kernel: [    0.105241] vgaarb: loaded
Jan  1 00:00:03 oscomp user.info kernel: [    0.114631] clocksource: Switched to clocksource riscv_clocksource
Jan  1 00:00:03 oscomp user.info kernel: [    0.133840] NET: Registered protocol family 2
Jan  1 00:00:03 oscomp user.info kernel: [    0.137889] tcp_listen_portaddr_hash hash table entries: 256 (order: 0, 4096 bytes, linear)
Jan  1 00:00:03 oscomp user.info kernel: [    0.138075] TCP established hash table entries: 1024 (order: 1, 8192 bytes, linear)
Jan  1 00:00:03 oscomp user.info kernel: [    0.138322] TCP bind hash table entries: 1024 (order: 2, 16384 bytes, linear)
Jan  1 00:00:03 oscomp user.info kernel: [    0.138412] TCP: Hash tables configured (established 1024 bind 1024)
Jan  1 00:00:03 oscomp user.info kernel: [    0.139403] UDP hash table entries: 256 (order: 1, 8192 bytes, linear)
Jan  1 00:00:03 oscomp user.info kernel: [    0.139578] UDP-Lite hash table entries: 256 (order: 1, 8192 bytes, linear)
Jan  1 00:00:03 oscomp user.info kernel: [    0.140944] NET: Registered protocol family 1
Jan  1 00:00:03 oscomp user.info kernel: [    0.141413] PCI: CLS 0 bytes, default 64
Jan  1 00:00:03 oscomp user.info kernel: [    0.145392] workingset: timestamp_bits=62 max_order=14 bucket_order=0
Jan  1 00:00:03 oscomp user.info kernel: [    0.157099] Block layer SCSI generic (bsg) driver version 0.4 loaded (major 254)
Jan  1 00:00:03 oscomp user.info kernel: [    0.157202] io scheduler mq-deadline registered
Jan  1 00:00:03 oscomp user.info kernel: [    0.157276] io scheduler kyber registered
Jan  1 00:00:03 oscomp user.info kernel: [    0.214904] Serial: 8250/16550 driver, 4 ports, IRQ sharing disabled
Jan  1 00:00:03 oscomp user.info kernel: [    0.226585] printk: console [ttyS0] disabled
Jan  1 00:00:03 oscomp user.info kernel: [    0.227659] 10000000.uart: ttyS0 at MMIO 0x10000000 (irq = 2, base_baud = 230400) is a 16550A
Jan  1 00:00:03 oscomp user.info kernel: [    0.277289] printk: console [ttyS0] enabled
Jan  1 00:00:03 oscomp user.info kernel: [    0.289959] loop: module loaded
Jan  1 00:00:03 oscomp user.notice kernel: [    0.300041] virtio_blk virtio0: [vda] 1048576 512-byte logical blocks (537 MB/512 MiB)
Jan  1 00:00:03 oscomp user.info kernel: [    0.300728] vda: detected capacity change from 0 to 536870912
Jan  1 00:00:03 oscomp user.info kernel: [    0.317458]  vda: vda1 vda2
Jan  1 00:00:03 oscomp user.info kernel: [    0.330840] NET: Registered protocol family 10
Jan  1 00:00:03 oscomp user.info kernel: [    0.336636] Segment Routing with IPv6
Jan  1 00:00:03 oscomp user.info kernel: [    0.337330] sit: IPv6, IPv4 and MPLS over IPv4 tunneling driver
Jan  1 00:00:03 oscomp user.info kernel: [    0.341830] NET: Registered protocol family 17
Jan  1 00:00:03 oscomp user.info kernel: [    0.369644] EXT4-fs (vda1): INFO: recovery required on readonly filesystem
Jan  1 00:00:03 oscomp user.info kernel: [    0.370073] EXT4-fs (vda1): write access will be enabled during recovery
Jan  1 00:00:03 oscomp user.info kernel: [    0.401186] EXT4-fs (vda1): recovery complete
Jan  1 00:00:03 oscomp user.info kernel: [    0.406075] EXT4-fs (vda1): mounted filesystem with ordered data mode. Opts: (null)
Jan  1 00:00:03 oscomp user.info kernel: [    0.410618] VFS: Mounted root (ext4 filesystem) readonly on device 254:1.
Jan  1 00:00:03 oscomp user.info kernel: [    0.437520] Freeing unused kernel memory: 184K
Jan  1 00:00:03 oscomp user.info kernel: [    0.440993] Run /sbin/init as init process
Jan  1 00:00:03 oscomp user.debug kernel: [    0.442758]   with arguments:
Jan  1 00:00:03 oscomp user.debug kernel: [    0.442801]     /sbin/init
Jan  1 00:00:03 oscomp user.debug kernel: [    0.442843]   with environment:
Jan  1 00:00:03 oscomp user.debug kernel: [    0.442875]     HOME=/
Jan  1 00:00:03 oscomp user.debug kernel: [    0.442917]     TERM=linux
Jan  1 00:00:03 oscomp user.info kernel: [    0.732259] EXT4-fs (vda1): re-mounted. Opts: (null)
Jan  1 00:00:03 oscomp user.warn kernel: [    0.787295] FAT-fs (vda2): Volume was not properly unmounted. Some data may be corrupt. Please run fsck.
Jan  1 00:00:03 oscomp authpriv.info dropbear[53]: Not backgrounding
Jan  1 00:00:20 oscomp user.notice kernel: [   20.627765] random: fast init done
Jan  1 00:00:20 oscomp auth.info login[49]: root login on 'ttyS0'
Jan  1 00:03:57 oscomp authpriv.warn dropbear[53]: Waiting for kernel randomness to be initialised...
Jan  1 00:03:59 oscomp user.notice kernel: [  239.795090] random: crng init done
Jan  1 00:03:59 oscomp authpriv.info dropbear[56]: Child connection from 192.168.100.1:37742
Jan  1 00:04:03 oscomp authpriv.notice dropbear[56]: Password auth succeeded for 'root' from 192.168.100.1:37742
Jan  1 00:04:10 oscomp authpriv.info dropbear[56]: Exit (root) from <192.168.100.1:37742>: Disconnect received
Jan  1 00:00:03 oscomp syslog.info syslogd started: BusyBox v1.32.0
Jan  1 00:00:03 oscomp user.warn kernel: [    0.000000] OF: fdt: Ignoring memory range 0x80000000 - 0x80200000
Jan  1 00:00:03 oscomp user.info kernel: [    0.000000] efi: UEFI not found.
Jan  1 00:00:03 oscomp user.info kernel: [    0.000000] Zone ranges:
Jan  1 00:00:03 oscomp user.info kernel: [    0.000000]   DMA32    [mem 0x0000000080200000-0x0000000087ffffff]
Jan  1 00:00:03 oscomp user.info kernel: [    0.000000]   Normal   empty
Jan  1 00:00:03 oscomp user.info kernel: [    0.000000] Movable zone start for each node
Jan  1 00:00:03 oscomp user.info kernel: [    0.000000] Early memory node ranges
Jan  1 00:00:03 oscomp user.info kernel: [    0.000000]   node   0: [mem 0x0000000080200000-0x0000000087ffffff]
Jan  1 00:00:03 oscomp user.info kernel: [    0.000000] Initmem setup node 0 [mem 0x0000000080200000-0x0000000087ffffff]
Jan  1 00:00:03 oscomp user.debug kernel: [    0.000000] On node 0 totalpages: 32256
Jan  1 00:00:03 oscomp user.debug kernel: [    0.000000]   DMA32 zone: 441 pages used for memmap
Jan  1 00:00:03 oscomp user.debug kernel: [    0.000000]   DMA32 zone: 0 pages reserved
Jan  1 00:00:03 oscomp user.debug kernel: [    0.000000]   DMA32 zone: 32256 pages, LIFO batch:7
Jan  1 00:00:03 oscomp user.info kernel: [    0.000000] software IO TLB: mapped [mem 0x0000000083e3a000-0x0000000087e3a000] (64MB)
Jan  1 00:00:03 oscomp user.info kernel: [    0.000000] SBI specification v0.1 detected
Jan  1 00:00:03 oscomp user.info kernel: [    0.000000] riscv: ISA extensions acdfimsu
Jan  1 00:00:03 oscomp user.info kernel: [    0.000000] riscv: ELF capabilities acdfim
Jan  1 00:00:03 oscomp user.info kernel: [    0.000000] percpu: Embedded 16 pages/cpu s25944 r8192 d31400 u65536
Jan  1 00:00:03 oscomp user.debug kernel: [    0.000000] pcpu-alloc: s25944 r8192 d31400 u65536 alloc=16*4096
Jan  1 00:00:03 oscomp user.debug kernel: [    0.000000] pcpu-alloc: [0] 0 
Jan  1 00:00:03 oscomp user.info kernel: [    0.000000] Built 1 zonelists, mobility grouping on.  Total pages: 31815
Jan  1 00:00:03 oscomp user.notice kernel: [    0.000000] Kernel command line: root=/dev/vda1 ro console=ttyS0
Jan  1 00:00:03 oscomp user.info kernel: [    0.000000] Dentry cache hash table entries: 16384 (order: 5, 131072 bytes, linear)
Jan  1 00:00:03 oscomp user.info kernel: [    0.000000] Inode-cache hash table entries: 8192 (order: 4, 65536 bytes, linear)
Jan  1 00:00:03 oscomp user.notice kernel: [    0.000000] Sorting __ex_table...
Jan  1 00:00:03 oscomp user.info kernel: [    0.000000] mem auto-init: stack:off, heap alloc:off, heap free:off
Jan  1 00:00:03 oscomp user.info kernel: [    0.000000] Memory: 49804K/129024K available (3964K kernel code, 2829K rwdata, 2048K rodata, 185K init, 276K bss, 79220K reserved, 0K cma-reserved)
Jan  1 00:00:03 oscomp user.info kernel: [    0.000000] SLUB: HWalign=64, Order=0-3, MinObjects=0, CPUs=1, Nodes=1
Jan  1 00:00:03 oscomp user.info kernel: [    0.000000] rcu: Hierarchical RCU implementation.
Jan  1 00:00:03 oscomp user.info kernel: [    0.000000] rcu: 	RCU event tracing is enabled.
Jan  1 00:00:03 oscomp user.info kernel: [    0.000000] rcu: 	RCU restricting CPUs from NR_CPUS=8 to nr_cpu_ids=1.
Jan  1 00:00:03 oscomp user.info kernel: [    0.000000] 	Tracing variant of Tasks RCU enabled.
Jan  1 00:00:03 oscomp user.info kernel: [    0.000000] rcu: RCU calculated value of scheduler-enlistment delay is 25 jiffies.
Jan  1 00:00:03 oscomp user.info kernel: [    0.000000] rcu: Adjusting geometry for rcu_fanout_leaf=16, nr_cpu_ids=1
Jan  1 00:00:03 oscomp user.info kernel: [    0.000000] NR_IRQS: 64, nr_irqs: 64, preallocated irqs: 0
Jan  1 00:00:03 oscomp user.info kernel: [    0.000000] riscv-intc: 64 local interrupts mapped
Jan  1 00:00:03 oscomp user.info kernel: [    0.000000] plic: interrupt-controller@c000000: mapped 53 interrupts with 1 handlers for 2 contexts.
Jan  1 00:00:03 oscomp user.notice kernel: [    0.000000] random: get_random_bytes called from start_kernel+0x314/0x482 with crng_init=0
Jan  1 00:00:03 oscomp user.info kernel: [    0.000000] riscv_timer_init_dt: Registering clocksource cpuid [0] hartid [0]
Jan  1 00:00:03 oscomp user.info kernel: [    0.000000] clocksource: riscv_clocksource: mask: 0xffffffffffffffff max_cycles: 0x24e6a1710, max_idle_ns: 440795202120 ns
Jan  1 00:00:03 oscomp user.info kernel: [    0.000180] sched_clock: 64 bits at 10MHz, resolution 100ns, wraps every 4398046511100ns
Jan  1 00:00:03 oscomp user.info kernel: [    0.003116] Console: colour dummy device 80x25
Jan  1 00:00:03 oscomp user.info kernel: [    0.004296] Calibrating delay loop (skipped), value calculated using timer frequency.. 20.00 BogoMIPS (lpj=40000)
Jan  1 00:00:03 oscomp user.info kernel: [    0.004420] pid_max: default: 32768 minimum: 301
Jan  1 00:00:03 oscomp user.info kernel: [    0.005186] Mount-cache hash table entries: 512 (order: 0, 4096 bytes, linear)
Jan  1 00:00:03 oscomp user.info kernel: [    0.005235] Mountpoint-cache hash table entries: 512 (order: 0, 4096 bytes, linear)
Jan  1 00:00:03 oscomp user.info kernel: [    0.034688] rcu: Hierarchical SRCU implementation.
Jan  1 00:00:03 oscomp user.info kernel: [    0.036028] EFI services will not be available.
Jan  1 00:00:03 oscomp user.info kernel: [    0.036995] smp: Bringing up secondary CPUs ...
Jan  1 00:00:03 oscomp user.info kernel: [    0.037083] smp: Brought up 1 node, 1 CPU
Jan  1 00:00:03 oscomp user.info kernel: [    0.051605] devtmpfs: initialized
Jan  1 00:00:03 oscomp user.info kernel: [    0.059219] clocksource: jiffies: mask: 0xffffffff max_cycles: 0xffffffff, max_idle_ns: 7645041785100000 ns
Jan  1 00:00:03 oscomp user.info kernel: [    0.059471] futex hash table entries: 256 (order: 2, 16384 bytes, linear)
Jan  1 00:00:03 oscomp user.info kernel: [    0.062090] NET: Registered protocol family 16
Jan  1 00:00:03 oscomp user.info kernel: [    0.119608] vgaarb: loaded
Jan  1 00:00:03 oscomp user.info kernel: [    0.131982] clocksource: Switched to clocksource riscv_clocksource
Jan  1 00:00:03 oscomp user.info kernel: [    0.146529] NET: Registered protocol family 2
Jan  1 00:00:03 oscomp user.info kernel: [    0.151261] tcp_listen_portaddr_hash hash table entries: 256 (order: 0, 4096 bytes, linear)
Jan  1 00:00:03 oscomp user.info kernel: [    0.151390] TCP established hash table entries: 1024 (order: 1, 8192 bytes, linear)
Jan  1 00:00:03 oscomp user.info kernel: [    0.151524] TCP bind hash table entries: 1024 (order: 2, 16384 bytes, linear)
Jan  1 00:00:03 oscomp user.info kernel: [    0.151728] TCP: Hash tables configured (established 1024 bind 1024)
Jan  1 00:00:03 oscomp user.info kernel: [    0.152764] UDP hash table entries: 256 (order: 1, 8192 bytes, linear)
Jan  1 00:00:03 oscomp user.info kernel: [    0.152938] UDP-Lite hash table entries: 256 (order: 1, 8192 bytes, linear)
Jan  1 00:00:03 oscomp user.info kernel: [    0.154052] NET: Registered protocol family 1
Jan  1 00:00:03 oscomp user.info kernel: [    0.155722] PCI: CLS 0 bytes, default 64
Jan  1 00:00:03 oscomp user.info kernel: [    0.162829] workingset: timestamp_bits=62 max_order=14 bucket_order=0
Jan  1 00:00:03 oscomp user.info kernel: [    0.177976] Block layer SCSI generic (bsg) driver version 0.4 loaded (major 254)
Jan  1 00:00:03 oscomp user.info kernel: [    0.178079] io scheduler mq-deadline registered
Jan  1 00:00:03 oscomp user.info kernel: [    0.178149] io scheduler kyber registered
Jan  1 00:00:03 oscomp user.info kernel: [    0.236243] Serial: 8250/16550 driver, 4 ports, IRQ sharing disabled
Jan  1 00:00:03 oscomp user.info kernel: [    0.243374] printk: console [ttyS0] disabled
Jan  1 00:00:03 oscomp user.info kernel: [    0.244371] 10000000.uart: ttyS0 at MMIO 0x10000000 (irq = 2, base_baud = 230400) is a 16550A
Jan  1 00:00:03 oscomp user.info kernel: [    0.261013] printk: console [ttyS0] enabled
Jan  1 00:00:03 oscomp user.info kernel: [    0.274604] loop: module loaded
Jan  1 00:00:03 oscomp user.notice kernel: [    0.289657] virtio_blk virtio0: [vda] 1048576 512-byte logical blocks (537 MB/512 MiB)
Jan  1 00:00:03 oscomp user.info kernel: [    0.290033] vda: detected capacity change from 0 to 536870912
Jan  1 00:00:03 oscomp user.info kernel: [    0.303931]  vda: vda1 vda2
Jan  1 00:00:03 oscomp user.info kernel: [    0.314365] NET: Registered protocol family 10
Jan  1 00:00:03 oscomp user.info kernel: [    0.322073] Segment Routing with IPv6
Jan  1 00:00:03 oscomp user.info kernel: [    0.322758] sit: IPv6, IPv4 and MPLS over IPv4 tunneling driver
Jan  1 00:00:03 oscomp user.info kernel: [    0.325223] NET: Registered protocol family 17
Jan  1 00:00:03 oscomp user.info kernel: [    0.351119] EXT4-fs (vda1): INFO: recovery required on readonly filesystem
Jan  1 00:00:03 oscomp user.info kernel: [    0.351547] EXT4-fs (vda1): write access will be enabled during recovery
Jan  1 00:00:03 oscomp user.info kernel: [    0.370099] EXT4-fs (vda1): recovery complete
Jan  1 00:00:03 oscomp user.info kernel: [    0.372750] EXT4-fs (vda1): mounted filesystem with ordered data mode. Opts: (null)
Jan  1 00:00:03 oscomp user.info kernel: [    0.373163] VFS: Mounted root (ext4 filesystem) readonly on device 254:1.
Jan  1 00:00:03 oscomp user.info kernel: [    0.392686] Freeing unused kernel memory: 184K
Jan  1 00:00:03 oscomp user.info kernel: [    0.394193] Run /sbin/init as init process
Jan  1 00:00:03 oscomp user.debug kernel: [    0.394451]   with arguments:
Jan  1 00:00:03 oscomp user.debug kernel: [    0.394475]     /sbin/init
Jan  1 00:00:03 oscomp user.debug kernel: [    0.394500]   with environment:
Jan  1 00:00:03 oscomp user.debug kernel: [    0.394519]     HOME=/
Jan  1 00:00:03 oscomp user.debug kernel: [    0.394537]     TERM=linux
Jan  1 00:00:03 oscomp user.info kernel: [    0.653041] EXT4-fs (vda1): re-mounted. Opts: (null)
Jan  1 00:00:03 oscomp user.warn kernel: [    0.696934] FAT-fs (vda2): Volume was not properly unmounted. Some data may be corrupt. Please run fsck.
Jan  1 00:00:03 oscomp user.info kernel: [    1.328095] IPv6: ADDRCONF(NETDEV_CHANGE): eth0: link becomes ready
Jan  1 00:00:03 oscomp authpriv.info dropbear[53]: Not backgrounding
Jan  1 00:00:16 oscomp user.notice kernel: [   16.969234] random: fast init done
Jan  1 00:00:16 oscomp auth.info login[49]: root login on 'ttyS0'
Jan  1 00:00:04 oscomp syslog.info syslogd started: BusyBox v1.32.0
Jan  1 00:00:04 oscomp user.debug kernel: [    0.000000]   DMA32 zone: 441 pages used for memmap
Jan  1 00:00:04 oscomp user.debug kernel: [    0.000000]   DMA32 zone: 0 pages reserved
Jan  1 00:00:04 oscomp user.debug kernel: [    0.000000]   DMA32 zone: 32256 pages, LIFO batch:7
Jan  1 00:00:04 oscomp user.info kernel: [    0.000000] software IO TLB: mapped [mem 0x0000000083e3a000-0x0000000087e3a000] (64MB)
Jan  1 00:00:04 oscomp user.info kernel: [    0.000000] SBI specification v0.1 detected
Jan  1 00:00:04 oscomp user.info kernel: [    0.000000] riscv: ISA extensions acdfimsu
Jan  1 00:00:04 oscomp user.info kernel: [    0.000000] riscv: ELF capabilities acdfim
Jan  1 00:00:04 oscomp user.info kernel: [    0.000000] percpu: Embedded 16 pages/cpu s25944 r8192 d31400 u65536
Jan  1 00:00:04 oscomp user.debug kernel: [    0.000000] pcpu-alloc: s25944 r8192 d31400 u65536 alloc=16*4096
Jan  1 00:00:04 oscomp user.debug kernel: [    0.000000] pcpu-alloc: [0] 0 
Jan  1 00:00:04 oscomp user.info kernel: [    0.000000] Built 1 zonelists, mobility grouping on.  Total pages: 31815
Jan  1 00:00:04 oscomp user.notice kernel: [    0.000000] Kernel command line: root=/dev/vda1 ro console=ttyS0
Jan  1 00:00:04 oscomp user.info kernel: [    0.000000] Dentry cache hash table entries: 16384 (order: 5, 131072 bytes, linear)
Jan  1 00:00:04 oscomp user.info kernel: [    0.000000] Inode-cache hash table entries: 8192 (order: 4, 65536 bytes, linear)
Jan  1 00:00:04 oscomp user.notice kernel: [    0.000000] Sorting __ex_table...
Jan  1 00:00:04 oscomp user.info kernel: [    0.000000] mem auto-init: stack:off, heap alloc:off, heap free:off
Jan  1 00:00:04 oscomp user.info kernel: [    0.000000] Memory: 49804K/129024K available (3964K kernel code, 2829K rwdata, 2048K rodata, 185K init, 276K bss, 79220K reserved, 0K cma-reserved)
Jan  1 00:00:04 oscomp user.info kernel: [    0.000000] SLUB: HWalign=64, Order=0-3, MinObjects=0, CPUs=1, Nodes=1
Jan  1 00:00:04 oscomp user.info kernel: [    0.000000] rcu: Hierarchical RCU implementation.
Jan  1 00:00:04 oscomp user.info kernel: [    0.000000] rcu: 	RCU event tracing is enabled.
Jan  1 00:00:04 oscomp user.info kernel: [    0.000000] rcu: 	RCU restricting CPUs from NR_CPUS=8 to nr_cpu_ids=1.
Jan  1 00:00:04 oscomp user.info kernel: [    0.000000] 	Tracing variant of Tasks RCU enabled.
Jan  1 00:00:04 oscomp user.info kernel: [    0.000000] rcu: RCU calculated value of scheduler-enlistment delay is 25 jiffies.
Jan  1 00:00:04 oscomp user.info kernel: [    0.000000] rcu: Adjusting geometry for rcu_fanout_leaf=16, nr_cpu_ids=1
Jan  1 00:00:04 oscomp user.info kernel: [    0.000000] NR_IRQS: 64, nr_irqs: 64, preallocated irqs: 0
Jan  1 00:00:04 oscomp user.info kernel: [    0.000000] riscv-intc: 64 local interrupts mapped
Jan  1 00:00:04 oscomp user.info kernel: [    0.000000] plic: interrupt-controller@c000000: mapped 53 interrupts with 1 handlers for 2 contexts.
Jan  1 00:00:04 oscomp authpriv.info dropbear[53]: Not backgrounding
Jan  1 00:00:04 oscomp user.notice kernel: [    0.000000] random: get_random_bytes called from start_kernel+0x314/0x482 with crng_init=0
Jan  1 00:00:04 oscomp user.info kernel: [    0.000000] riscv_timer_init_dt: Registering clocksource cpuid [0] hartid [0]
Jan  1 00:00:04 oscomp user.info kernel: [    0.000000] clocksource: riscv_clocksource: mask: 0xffffffffffffffff max_cycles: 0x24e6a1710, max_idle_ns: 440795202120 ns
Jan  1 00:00:04 oscomp user.info kernel: [    0.000250] sched_clock: 64 bits at 10MHz, resolution 100ns, wraps every 4398046511100ns
Jan  1 00:00:04 oscomp user.info kernel: [    0.005775] Console: colour dummy device 80x25
Jan  1 00:00:04 oscomp user.info kernel: [    0.010748] Calibrating delay loop (skipped), value calculated using timer frequency.. 20.00 BogoMIPS (lpj=40000)
Jan  1 00:00:04 oscomp user.info kernel: [    0.011009] pid_max: default: 32768 minimum: 301
Jan  1 00:00:04 oscomp user.info kernel: [    0.012631] Mount-cache hash table entries: 512 (order: 0, 4096 bytes, linear)
Jan  1 00:00:04 oscomp user.info kernel: [    0.012695] Mountpoint-cache hash table entries: 512 (order: 0, 4096 bytes, linear)
Jan  1 00:00:04 oscomp user.info kernel: [    0.055588] rcu: Hierarchical SRCU implementation.
Jan  1 00:00:04 oscomp user.info kernel: [    0.058053] EFI services will not be available.
Jan  1 00:00:04 oscomp user.info kernel: [    0.059317] smp: Bringing up secondary CPUs ...
Jan  1 00:00:04 oscomp user.info kernel: [    0.059398] smp: Brought up 1 node, 1 CPU
Jan  1 00:00:04 oscomp user.info kernel: [    0.078915] devtmpfs: initialized
Jan  1 00:00:04 oscomp user.info kernel: [    0.084797] clocksource: jiffies: mask: 0xffffffff max_cycles: 0xffffffff, max_idle_ns: 7645041785100000 ns
Jan  1 00:00:04 oscomp user.info kernel: [    0.085004] futex hash table entries: 256 (order: 2, 16384 bytes, linear)
Jan  1 00:00:04 oscomp user.info kernel: [    0.086683] NET: Registered protocol family 16
Jan  1 00:00:04 oscomp user.info kernel: [    0.143108] vgaarb: loaded
Jan  1 00:00:04 oscomp user.info kernel: [    0.159979] clocksource: Switched to clocksource riscv_clocksource
Jan  1 00:00:04 oscomp user.info kernel: [    0.182317] NET: Registered protocol family 2
Jan  1 00:00:04 oscomp user.info kernel: [    0.190472] tcp_listen_portaddr_hash hash table entries: 256 (order: 0, 4096 bytes, linear)
Jan  1 00:00:04 oscomp user.info kernel: [    0.190667] TCP established hash table entries: 1024 (order: 1, 8192 bytes, linear)
Jan  1 00:00:04 oscomp user.info kernel: [    0.191218] TCP bind hash table entries: 1024 (order: 2, 16384 bytes, linear)
Jan  1 00:00:04 oscomp user.info kernel: [    0.191497] TCP: Hash tables configured (established 1024 bind 1024)
Jan  1 00:00:04 oscomp user.info kernel: [    0.192827] UDP hash table entries: 256 (order: 1, 8192 bytes, linear)
Jan  1 00:00:04 oscomp user.info kernel: [    0.193161] UDP-Lite hash table entries: 256 (order: 1, 8192 bytes, linear)
Jan  1 00:00:04 oscomp user.info kernel: [    0.200100] NET: Registered protocol family 1
Jan  1 00:00:04 oscomp user.info kernel: [    0.200791] PCI: CLS 0 bytes, default 64
Jan  1 00:00:04 oscomp user.info kernel: [    0.209159] workingset: timestamp_bits=62 max_order=14 bucket_order=0
Jan  1 00:00:04 oscomp user.info kernel: [    0.233089] Block layer SCSI generic (bsg) driver version 0.4 loaded (major 254)
Jan  1 00:00:04 oscomp user.info kernel: [    0.233195] io scheduler mq-deadline registered
Jan  1 00:00:04 oscomp user.info kernel: [    0.233280] io scheduler kyber registered
Jan  1 00:00:04 oscomp user.info kernel: [    0.331316] Serial: 8250/16550 driver, 4 ports, IRQ sharing disabled
Jan  1 00:00:04 oscomp user.info kernel: [    0.341477] printk: console [ttyS0] disabled
Jan  1 00:00:04 oscomp user.info kernel: [    0.342752] 10000000.uart: ttyS0 at MMIO 0x10000000 (irq = 2, base_baud = 230400) is a 16550A
Jan  1 00:00:04 oscomp user.info kernel: [    0.371700] printk: console [ttyS0] enabled
Jan  1 00:00:04 oscomp user.info kernel: [    0.390897] loop: module loaded
Jan  1 00:00:04 oscomp user.notice kernel: [    0.411609] virtio_blk virtio0: [vda] 1048576 512-byte logical blocks (537 MB/512 MiB)
Jan  1 00:00:04 oscomp user.info kernel: [    0.412108] vda: detected capacity change from 0 to 536870912
Jan  1 00:00:04 oscomp user.info kernel: [    0.432359]  vda: vda1 vda2
Jan  1 00:00:04 oscomp user.info kernel: [    0.443571] NET: Registered protocol family 10
Jan  1 00:00:04 oscomp user.info kernel: [    0.450912] Segment Routing with IPv6
Jan  1 00:00:04 oscomp user.info kernel: [    0.452377] sit: IPv6, IPv4 and MPLS over IPv4 tunneling driver
Jan  1 00:00:04 oscomp user.info kernel: [    0.457020] NET: Registered protocol family 17
Jan  1 00:00:04 oscomp user.info kernel: [    0.492991] EXT4-fs (vda1): INFO: recovery required on readonly filesystem
Jan  1 00:00:04 oscomp user.info kernel: [    0.494300] EXT4-fs (vda1): write access will be enabled during recovery
Jan  1 00:00:04 oscomp user.info kernel: [    0.528314] EXT4-fs (vda1): recovery complete
Jan  1 00:00:04 oscomp user.info kernel: [    0.538798] EXT4-fs (vda1): mounted filesystem with ordered data mode. Opts: (null)
Jan  1 00:00:04 oscomp user.info kernel: [    0.541050] VFS: Mounted root (ext4 filesystem) readonly on device 254:1.
Jan  1 00:00:04 oscomp user.info kernel: [    0.574308] Freeing unused kernel memory: 184K
Jan  1 00:00:04 oscomp user.info kernel: [    0.577655] Run /sbin/init as init process
Jan  1 00:00:04 oscomp user.debug kernel: [    0.578336]   with arguments:
Jan  1 00:00:04 oscomp user.debug kernel: [    0.578417]     /sbin/init
Jan  1 00:00:04 oscomp user.debug kernel: [    0.578473]   with environment:
Jan  1 00:00:04 oscomp user.debug kernel: [    0.578522]     HOME=/
Jan  1 00:00:04 oscomp user.debug kernel: [    0.578569]     TERM=linux
Jan  1 00:00:04 oscomp user.info kernel: [    0.919047] EXT4-fs (vda1): re-mounted. Opts: (null)
Jan  1 00:00:04 oscomp user.warn kernel: [    0.986275] FAT-fs (vda2): Volume was not properly unmounted. Some data may be corrupt. Please run fsck.
Jan  1 00:00:08 oscomp auth.info login[49]: root login on 'ttyS0'
Jan  1 00:00:16 oscomp user.notice kernel: [   16.320986] random: fast init done
Jan  1 00:00:03 oscomp syslog.info syslogd started: BusyBox v1.32.0
Jan  1 00:00:03 oscomp user.debug kernel: [    0.000000]   DMA32 zone: 441 pages used for memmap
Jan  1 00:00:03 oscomp user.debug kernel: [    0.000000]   DMA32 zone: 0 pages reserved
Jan  1 00:00:03 oscomp user.debug kernel: [    0.000000]   DMA32 zone: 32256 pages, LIFO batch:7
Jan  1 00:00:03 oscomp user.info kernel: [    0.000000] software IO TLB: mapped [mem 0x0000000083e3a000-0x0000000087e3a000] (64MB)
Jan  1 00:00:03 oscomp user.info kernel: [    0.000000] SBI specification v0.1 detected
Jan  1 00:00:03 oscomp user.info kernel: [    0.000000] riscv: ISA extensions acdfimsu
Jan  1 00:00:03 oscomp user.info kernel: [    0.000000] riscv: ELF capabilities acdfim
Jan  1 00:00:03 oscomp user.info kernel: [    0.000000] percpu: Embedded 16 pages/cpu s25944 r8192 d31400 u65536
Jan  1 00:00:03 oscomp user.debug kernel: [    0.000000] pcpu-alloc: s25944 r8192 d31400 u65536 alloc=16*4096
Jan  1 00:00:03 oscomp user.debug kernel: [    0.000000] pcpu-alloc: [0] 0 
Jan  1 00:00:03 oscomp user.info kernel: [    0.000000] Built 1 zonelists, mobility grouping on.  Total pages: 31815
Jan  1 00:00:03 oscomp user.notice kernel: [    0.000000] Kernel command line: root=/dev/vda1 ro console=ttyS0
Jan  1 00:00:03 oscomp user.info kernel: [    0.000000] Dentry cache hash table entries: 16384 (order: 5, 131072 bytes, linear)
Jan  1 00:00:03 oscomp user.info kernel: [    0.000000] Inode-cache hash table entries: 8192 (order: 4, 65536 bytes, linear)
Jan  1 00:00:03 oscomp user.notice kernel: [    0.000000] Sorting __ex_table...
Jan  1 00:00:03 oscomp user.info kernel: [    0.000000] mem auto-init: stack:off, heap alloc:off, heap free:off
Jan  1 00:00:03 oscomp user.info kernel: [    0.000000] Memory: 49804K/129024K available (3964K kernel code, 2829K rwdata, 2048K rodata, 185K init, 276K bss, 79220K reserved, 0K cma-reserved)
Jan  1 00:00:03 oscomp user.info kernel: [    0.000000] SLUB: HWalign=64, Order=0-3, MinObjects=0, CPUs=1, Nodes=1
Jan  1 00:00:03 oscomp user.info kernel: [    0.000000] rcu: Hierarchical RCU implementation.
Jan  1 00:00:03 oscomp user.info kernel: [    0.000000] rcu: 	RCU event tracing is enabled.
Jan  1 00:00:03 oscomp user.info kernel: [    0.000000] rcu: 	RCU restricting CPUs from NR_CPUS=8 to nr_cpu_ids=1.
Jan  1 00:00:03 oscomp user.info kernel: [    0.000000] 	Tracing variant of Tasks RCU enabled.
Jan  1 00:00:03 oscomp user.info kernel: [    0.000000] rcu: RCU calculated value of scheduler-enlistment delay is 25 jiffies.
Jan  1 00:00:03 oscomp user.info kernel: [    0.000000] rcu: Adjusting geometry for rcu_fanout_leaf=16, nr_cpu_ids=1
Jan  1 00:00:03 oscomp user.info kernel: [    0.000000] NR_IRQS: 64, nr_irqs: 64, preallocated irqs: 0
Jan  1 00:00:03 oscomp user.info kernel: [    0.000000] riscv-intc: 64 local interrupts mapped
Jan  1 00:00:03 oscomp user.info kernel: [    0.000000] plic: interrupt-controller@c000000: mapped 53 interrupts with 1 handlers for 2 contexts.
Jan  1 00:00:03 oscomp user.notice kernel: [    0.000000] random: get_random_bytes called from start_kernel+0x314/0x482 with crng_init=0
Jan  1 00:00:03 oscomp user.info kernel: [    0.000000] riscv_timer_init_dt: Registering clocksource cpuid [0] hartid [0]
Jan  1 00:00:03 oscomp user.info kernel: [    0.000000] clocksource: riscv_clocksource: mask: 0xffffffffffffffff max_cycles: 0x24e6a1710, max_idle_ns: 440795202120 ns
Jan  1 00:00:03 oscomp user.info kernel: [    0.000298] sched_clock: 64 bits at 10MHz, resolution 100ns, wraps every 4398046511100ns
Jan  1 00:00:03 oscomp user.info kernel: [    0.004425] Console: colour dummy device 80x25
Jan  1 00:00:03 oscomp user.info kernel: [    0.007976] Calibrating delay loop (skipped), value calculated using timer frequency.. 20.00 BogoMIPS (lpj=40000)
Jan  1 00:00:03 oscomp user.info kernel: [    0.008199] pid_max: default: 32768 minimum: 301
Jan  1 00:00:03 oscomp user.info kernel: [    0.009276] Mount-cache hash table entries: 512 (order: 0, 4096 bytes, linear)
Jan  1 00:00:03 oscomp user.info kernel: [    0.009325] Mountpoint-cache hash table entries: 512 (order: 0, 4096 bytes, linear)
Jan  1 00:00:03 oscomp user.info kernel: [    0.031926] rcu: Hierarchical SRCU implementation.
Jan  1 00:00:03 oscomp user.info kernel: [    0.033733] EFI services will not be available.
Jan  1 00:00:03 oscomp user.info kernel: [    0.035182] smp: Bringing up secondary CPUs ...
Jan  1 00:00:03 oscomp user.info kernel: [    0.035351] smp: Brought up 1 node, 1 CPU
Jan  1 00:00:03 oscomp user.info kernel: [    0.049562] devtmpfs: initialized
Jan  1 00:00:03 oscomp user.info kernel: [    0.058765] clocksource: jiffies: mask: 0xffffffff max_cycles: 0xffffffff, max_idle_ns: 7645041785100000 ns
Jan  1 00:00:03 oscomp user.info kernel: [    0.059101] futex hash table entries: 256 (order: 2, 16384 bytes, linear)
Jan  1 00:00:03 oscomp user.info kernel: [    0.062265] NET: Registered protocol family 16
Jan  1 00:00:03 oscomp user.info kernel: [    0.112066] vgaarb: loaded
Jan  1 00:00:03 oscomp user.info kernel: [    0.118988] clocksource: Switched to clocksource riscv_clocksource
Jan  1 00:00:03 oscomp user.info kernel: [    0.135769] NET: Registered protocol family 2
Jan  1 00:00:03 oscomp user.info kernel: [    0.140256] tcp_listen_portaddr_hash hash table entries: 256 (order: 0, 4096 bytes, linear)
Jan  1 00:00:03 oscomp user.info kernel: [    0.140475] TCP established hash table entries: 1024 (order: 1, 8192 bytes, linear)
Jan  1 00:00:03 oscomp user.info kernel: [    0.140741] TCP bind hash table entries: 1024 (order: 2, 16384 bytes, linear)
Jan  1 00:00:03 oscomp user.info kernel: [    0.140914] TCP: Hash tables configured (established 1024 bind 1024)
Jan  1 00:00:03 oscomp user.info kernel: [    0.142584] UDP hash table entries: 256 (order: 1, 8192 bytes, linear)
Jan  1 00:00:03 oscomp user.info kernel: [    0.143187] UDP-Lite hash table entries: 256 (order: 1, 8192 bytes, linear)
Jan  1 00:00:03 oscomp user.info kernel: [    0.145070] NET: Registered protocol family 1
Jan  1 00:00:03 oscomp user.info kernel: [    0.146579] PCI: CLS 0 bytes, default 64
Jan  1 00:00:03 oscomp user.info kernel: [    0.151232] workingset: timestamp_bits=62 max_order=14 bucket_order=0
Jan  1 00:00:03 oscomp user.info kernel: [    0.170596] Block layer SCSI generic (bsg) driver version 0.4 loaded (major 254)
Jan  1 00:00:03 oscomp user.info kernel: [    0.170858] io scheduler mq-deadline registered
Jan  1 00:00:03 oscomp user.info kernel: [    0.170963] io scheduler kyber registered
Jan  1 00:00:03 oscomp user.info kernel: [    0.227470] Serial: 8250/16550 driver, 4 ports, IRQ sharing disabled
Jan  1 00:00:03 oscomp user.info kernel: [    0.235135] printk: console [ttyS0] disabled
Jan  1 00:00:03 oscomp user.info kernel: [    0.236660] 10000000.uart: ttyS0 at MMIO 0x10000000 (irq = 2, base_baud = 230400) is a 16550A
Jan  1 00:00:03 oscomp user.info kernel: [    0.261590] printk: console [ttyS0] enabled
Jan  1 00:00:03 oscomp user.info kernel: [    0.279761] loop: module loaded
